Component: ARM Compiler 5.06 update 6 (build 750) Tool: armlink [4d35ed]

==============================================================================

Section Cross References

    startup_stm32f407xx.o(RESET) refers to startup_stm32f407xx.o(STACK) for __initial_sp
    startup_stm32f407xx.o(RESET) refers to startup_stm32f407xx.o(.text) for Reset_Handler
    startup_stm32f407xx.o(RESET) refers to stm32f4xx_it.o(i.NMI_Handler) for NMI_Handler
    startup_stm32f407xx.o(RESET) refers to stm32f4xx_it.o(i.HardFault_Handler) for HardFault_Handler
    startup_stm32f407xx.o(RESET) refers to stm32f4xx_it.o(i.MemManage_Handler) for MemManage_Handler
    startup_stm32f407xx.o(RESET) refers to stm32f4xx_it.o(i.BusFault_Handler) for BusFault_Handler
    startup_stm32f407xx.o(RESET) refers to stm32f4xx_it.o(i.UsageFault_Handler) for UsageFault_Handler
    startup_stm32f407xx.o(RESET) refers to stm32f4xx_it.o(i.SVC_Handler) for SVC_Handler
    startup_stm32f407xx.o(RESET) refers to stm32f4xx_it.o(i.DebugMon_Handler) for DebugMon_Handler
    startup_stm32f407xx.o(RESET) refers to stm32f4xx_it.o(i.PendSV_Handler) for PendSV_Handler
    startup_stm32f407xx.o(RESET) refers to stm32f4xx_it.o(i.SysTick_Handler) for SysTick_Handler
    startup_stm32f407xx.o(RESET) refers to stm32f4xx_it.o(i.ADC_IRQHandler) for ADC_IRQHandler
    startup_stm32f407xx.o(RESET) refers to stm32f4xx_it.o(i.TIM2_IRQHandler) for TIM2_IRQHandler
    startup_stm32f407xx.o(RESET) refers to stm32f4xx_it.o(i.TIM3_IRQHandler) for TIM3_IRQHandler
    startup_stm32f407xx.o(RESET) refers to stm32f4xx_it.o(i.USART1_IRQHandler) for USART1_IRQHandler
    startup_stm32f407xx.o(RESET) refers to stm32f4xx_it.o(i.DMA2_Stream0_IRQHandler) for DMA2_Stream0_IRQHandler
    startup_stm32f407xx.o(RESET) refers to stm32f4xx_it.o(i.DMA2_Stream2_IRQHandler) for DMA2_Stream2_IRQHandler
    startup_stm32f407xx.o(RESET) refers to stm32f4xx_it.o(i.DMA2_Stream7_IRQHandler) for DMA2_Stream7_IRQHandler
    startup_stm32f407xx.o(.text) refers to system_stm32f4xx.o(i.SystemInit) for SystemInit
    startup_stm32f407xx.o(.text) refers to entry.o(.ARM.Collect$$$$00000000) for __main
    main.o(i.HAL_TIM_PeriodElapsedCallback) refers to foc_motor.o(i.Move) for Move
    main.o(i.HAL_TIM_PeriodElapsedCallback) refers to foc_motor.o(i.LoopFOC) for LoopFOC
    main.o(i.HAL_TIM_PeriodElapsedCallback) refers to stm32f4xx_hal_adc.o(i.HAL_ADC_Start) for HAL_ADC_Start
    main.o(i.HAL_TIM_PeriodElapsedCallback) refers to stm32f4xx_hal_adc.o(i.HAL_ADC_GetValue) for HAL_ADC_GetValue
    main.o(i.HAL_TIM_PeriodElapsedCallback) refers to main.o(.data) for .data
    main.o(i.HAL_TIM_PeriodElapsedCallback) refers to adc.o(.bss) for hadc1
    main.o(i.SystemClock_Config) refers to memseta.o(.text) for __aeabi_memclr4
    main.o(i.SystemClock_Config) refers to stm32f4xx_hal_rcc.o(i.HAL_RCC_OscConfig) for HAL_RCC_OscConfig
    main.o(i.SystemClock_Config) refers to stm32f4xx_hal_rcc.o(i.HAL_RCC_ClockConfig) for HAL_RCC_ClockConfig
    main.o(i.main) refers to stm32f4xx_hal.o(i.HAL_Init) for HAL_Init
    main.o(i.main) refers to main.o(i.SystemClock_Config) for SystemClock_Config
    main.o(i.main) refers to gpio.o(i.MX_GPIO_Init) for MX_GPIO_Init
    main.o(i.main) refers to dma.o(i.MX_DMA_Init) for MX_DMA_Init
    main.o(i.main) refers to tim.o(i.MX_TIM1_Init) for MX_TIM1_Init
    main.o(i.main) refers to usart.o(i.MX_USART1_UART_Init) for MX_USART1_UART_Init
    main.o(i.main) refers to adc.o(i.MX_ADC1_Init) for MX_ADC1_Init
    main.o(i.main) refers to spi.o(i.MX_SPI1_Init) for MX_SPI1_Init
    main.o(i.main) refers to tim.o(i.MX_TIM3_Init) for MX_TIM3_Init
    main.o(i.main) refers to tim.o(i.MX_TIM2_Init) for MX_TIM2_Init
    main.o(i.main) refers to delay_jr.o(i.delay_init) for delay_init
    main.o(i.main) refers to stm32f4xx_hal_tim.o(i.HAL_TIM_PWM_Start) for HAL_TIM_PWM_Start
    main.o(i.main) refers to stm32f4xx_hal_tim_ex.o(i.HAL_TIMEx_PWMN_Start) for HAL_TIMEx_PWMN_Start
    main.o(i.main) refers to as5600.o(i.AS5600_lnit) for AS5600_lnit
    main.o(i.main) refers to inlinecurrentsense.o(i.Read_InlineCurrentSense) for Read_InlineCurrentSense
    main.o(i.main) refers to inlinecurrentsense.o(i.InlineCurrentSense_Init) for InlineCurrentSense_Init
    main.o(i.main) refers to low_pass_filtering.o(i.LPF_init) for LPF_init
    main.o(i.main) refers to pid_motor.o(i.PID_init) for PID_init
    main.o(i.main) refers to base_motor_control.o(i.Base_parameter_init) for Base_parameter_init
    main.o(i.main) refers to foc_motor.o(i.Motor_Init) for Motor_Init
    main.o(i.main) refers to foc_motor.o(i.Motor_FOC_Init) for Motor_FOC_Init
    main.o(i.main) refers to printfa.o(i.__0printf) for __2printf
    main.o(i.main) refers to stm32f4xx_hal_uart.o(i.HAL_UART_Receive_DMA) for HAL_UART_Receive_DMA
    main.o(i.main) refers to lcd_init.o(i.LCD_Init) for LCD_Init
    main.o(i.main) refers to lcd.o(i.LCD_Fill) for LCD_Fill
[...]
    i.UART_EndRxTransfer                     0x080050e4   Section        0  stm32f4xx_hal_uart.o(i.UART_EndRxTransfer)
    UART_EndRxTransfer                       0x080050e5   Thumb Code    78  stm32f4xx_hal_uart.o(i.UART_EndRxTransfer)
    i.UART_EndTxTransfer                     0x08005132   Section        0  stm32f4xx_hal_uart.o(i.UART_EndTxTransfer)
    UART_EndTxTransfer                       0x08005133   Thumb Code    28  stm32f4xx_hal_uart.o(i.UART_EndTxTransfer)
    i.UART_Receive_IT                        0x0800514e   Section        0  stm32f4xx_hal_uart.o(i.UART_Receive_IT)
    UART_Receive_IT                          0x0800514f   Thumb Code   192  stm32f4xx_hal_uart.o(i.UART_Receive_IT)
    i.UART_SetConfig                         0x08005210   Section        0  stm32f4xx_hal_uart.o(i.UART_SetConfig)
    UART_SetConfig                           0x08005211   Thumb Code   258  stm32f4xx_hal_uart.o(i.UART_SetConfig)
    i.UART_Start_Receive_DMA                 0x0800531c   Section        0  stm32f4xx_hal_uart.o(i.UART_Start_Receive_DMA)
    i.USART1_IRQHandler                      0x080053b0   Section        0  stm32f4xx_it.o(i.USART1_IRQHandler)
    i.UsageFault_Handler                     0x080053c4   Section        0  stm32f4xx_it.o(i.UsageFault_Handler)
    i.Usart1_Handle                          0x080053c8   Section        0  usrt.o(i.Usart1_Handle)
    i.Usart1_IDLE                            0x08005724   Section        0  usrt.o(i.Usart1_IDLE)
    i.Velocity_Openloop                      0x08005760   Section        0  foc_motor.o(i.Velocity_Openloop)
    i.__0printf                              0x08005804   Section        0  printfa.o(i.__0printf)
    i.__ARM_fpclassify                       0x08005824   Section        0  fpclassify.o(i.__ARM_fpclassify)
    i.__NVIC_SetPriority                     0x08005854   Section        0  stm32f4xx_hal_cortex.o(i.__NVIC_SetPriority)
    __NVIC_SetPriority                       0x08005855   Thumb Code    32  stm32f4xx_hal_cortex.o(i.__NVIC_SetPriority)
    i.__hardfp_atan                          0x08005878   Section        0  atan.o(i.__hardfp_atan)
    i.__hardfp_atan2                         0x08005b50   Section        0  atan2.o(i.__hardfp_atan2)
    i.__hardfp_atof                          0x08005d40   Section        0  atof.o(i.__hardfp_atof)
    i.__hardfp_fmod                          0x08005d78   Section        0  fmod.o(i.__hardfp_fmod)
    i.__kernel_poly                          0x08005e7c   Section        0  poly.o(i.__kernel_poly)
    i.__mathlib_dbl_infnan                   0x08005f74   Section        0  dunder.o(i.__mathlib_dbl_infnan)
    i.__mathlib_dbl_infnan2                  0x08005f88   Section        0  dunder.o(i.__mathlib_dbl_infnan2)
    i.__mathlib_dbl_invalid                  0x08005fa0   Section        0  dunder.o(i.__mathlib_dbl_invalid)
    i.__mathlib_dbl_underflow                0x08005fc0   Section        0  dunder.o(i.__mathlib_dbl_underflow)
    i.__read_errno                           0x08005fe0   Section        0  errno.o(i.__read_errno)
    i.__scatterload_copy                     0x08005fec   Section       14  handlers.o(i.__scatterload_copy)
    i.__scatterload_null                     0x08005ffa   Section        2  handlers.o(i.__scatterload_null)
    i.__scatterload_zeroinit                 0x08005ffc   Section       14  handlers.o(i.__scatterload_zeroinit)
    i.__set_errno                            0x0800600c   Section        0  errno.o(i.__set_errno)
    i._electricalAngle                       0x08006018   Section        0  foc_define.o(i._electricalAngle)
    i._fp_digits                             0x08006028   Section        0  printfa.o(i._fp_digits)
    _fp_digits                               0x08006029   Thumb Code   366  printfa.o(i._fp_digits)
    i._is_digit                              0x080061ac   Section        0  scanf_fp.o(i._is_digit)
    i._normalizeAngle                        0x080061bc   Section        0  foc_define.o(i._normalizeAngle)
    i._printf_core                           0x08006200   Section        0  printfa.o(i._printf_core)
    _printf_core                             0x08006201   Thumb Code  1744  printfa.o(i._printf_core)
    i._printf_post_padding                   0x080068dc   Section        0  printfa.o(i._printf_post_padding)
    _printf_post_padding                     0x080068dd   Thumb Code    36  printfa.o(i._printf_post_padding)
    i._printf_pre_padding                    0x08006900   Section        0  printfa.o(i._printf_pre_padding)
    _printf_pre_padding                      0x08006901   Thumb Code    46  printfa.o(i._printf_pre_padding)
    i._sqrtApprox                            0x08006930   Section        0  foc_define.o(i._sqrtApprox)
    i.atan                                   0x08006948   Section        0  atan.o(i.atan)
    i.delay_init                             0x08006958   Section        0  delay_jr.o(i.delay_init)
    i.delay_ms                               0x0800697c   Section        0  delay_jr.o(i.delay_ms)
    i.delay_us                               0x08006998   Section        0  delay_jr.o(i.delay_us)
    i.electricalAngle                        0x080069cc   Section        0  foc_motor.o(i.electricalAngle)
    i.fabs                                   0x080069f4   Section        0  fabs.o(i.fabs)
    i.fputc                                  0x08006a0c   Section        0  usrt.o(i.fputc)
    i.getFOCCurrents                         0x08006a1c   Section        0  currentsense.o(i.getFOCCurrents)
    i.getPhaseCurrents                       0x08006aa8   Section        0  inlinecurrentsense.o(i.getPhaseCurrents)
    i.main                                   0x08006b20   Section        0  main.o(i.main)
    i.mypow                                  0x08006cb4   Section        0  lcd.o(i.mypow)
    i.setPhaseVoltage                        0x08006cc4   Section        0  foc_motor.o(i.setPhaseVoltage)
    i.shaftAngle                             0x08006f00   Section        0  foc_motor.o(i.shaftAngle)
    i.shaftVelocity                          0x08006f1c   Section        0  foc_motor.o(i.shaftVelocity)
    .constdata                               0x08006f40   Section        8  stm32f4xx_hal_dma.o(.constdata)
    flagBitshiftOffset                       0x08006f40   Data           8  stm32f4xx_hal_dma.o(.constdata)
    .constdata                               0x08006f48   Section       16  system_stm32f4xx.o(.constdata)
    .constdata                               0x08006f58   Section        8  system_stm32f4xx.o(.constdata)
    .constdata                               0x08006f60   Section    14620  lcd.o(.constdata)
    .constdata                               0x0800a87c   Section     2052  arm_common_tables.o(.constdata)
    .constdata                               0x0800b080   Section      152  atan.o(.constdata)
    atanhi                                   0x0800b080   Data          32  atan.o(.constdata)
    atanlo                                   0x0800b0a0   Data          32  atan.o(.constdata)
    aTodd                                    0x0800b0c0   Data          40  atan.o(.constdata)
    aTeven                                   0x0800b0e8   Data          48  atan.o(.constdata)
    .constdata                               0x0800b118   Section        8  qnan.o(.constdata)
    .constdata                               0x0800b120   Section       64  ctype_c.o(.constdata)
    .data                                    0x20000000   Section        8  main.o(.data)
    .data                                    0x20000008   Section        1  main.o(.data)
    .data                                    0x2000000c   Section       12  stm32f4xx_hal.o(.data)
    .data                                    0x20000018   Section        4  system_stm32f4xx.o(.data)
    .data                                    0x2000001c   Section       16  as5600.o(.data)
    angle_data_prev                          0x20000020   Data           4  as5600.o(.data)
    full_rotation_offset                     0x20000024   Data           4  as5600.o(.data)
    .data                                    0x2000002c   Section        4  delay_jr.o(.data)
    fac_us                                   0x2000002c   Data           4  delay_jr.o(.data)
    .data                                    0x20000030   Section       16  usrt.o(.data)
    .data                                    0x20000040   Section       56  foc_motor.o(.data)
    .data                                    0x20000078   Section       24  inlinecurrentsense.o(.data)
    .data                                    0x20000090   Section        4  stdout.o(.data)
    .data                                    0x20000094   Section        4  errno.o(.data)
    _errno                                   0x20000094   Data           4  errno.o(.data)
    .bss                                     0x20000098   Section      168  adc.o(.bss)
    .bss                                     0x20000140   Section       88  spi.o(.bss)
    .bss                                     0x20000198   Section      216  tim.o(.bss)
    .bss                                     0x20000270   Section      260  usart.o(.bss)
    .bss                                     0x20000374   Section     2000  usrt.o(.bss)
    .bss                                     0x20000b44   Section       12  inline_adc.o(.bss)
    .bss                                     0x20000b50   Section       24  base_motor_control.o(.bss)
    .bss                                     0x20000b68   Section       12  inlinecurrentsense.o(.bss)
    .bss                                     0x20000b74   Section       36  low_pass_filtering.o(.bss)
    .bss                                     0x20000b98   Section      144  pid_motor.o(.bss)
    STACK                                    0x20000c28   Section     1024  startup_stm32f407xx.o(STACK)

    Global Symbols

    Symbol Name                              Value     Ov Type        Size  Object(Section)

    BuildAttributes$$THM_ISAv4$E$P$D$K$B$S$7EM$VFPi3$EXTD16$VFPS$VFMA$PE$A:L22UL41UL21$X:L11$S22US41US21$IEEE1$IW$USESV6$~STKCKD$USESV7$~SHL$OTIME$ROPI$IEEEX$EBA8$MICROLIB$REQ8$PRES8$EABIv2 0x00000000   Number         0  anon$$obj.o ABSOLUTE
    __ARM_use_no_argv                        0x00000000   Number         0  main.o ABSOLUTE
    _printf_a                                0x00000000   Number         0  stubs.o ABSOLUTE
    _printf_c                                0x00000000   Number         0  stubs.o ABSOLUTE
    _printf_charcount                        0x00000000   Number         0  stubs.o ABSOLUTE
    _printf_d                                0x00000000   Number         0  stubs.o ABSOLUTE
    _printf_e                                0x00000000   Number         0  stubs.o ABSOLUTE
    _printf_f                                0x00000000   Number         0  stubs.o ABSOLUTE
    _printf_flags                            0x00000000   Number         0  stubs.o ABSOLUTE
    _printf_fp_dec                           0x00000000   Number         0  stubs.o ABSOLUTE
    _printf_fp_hex                           0x00000000   Number         0  stubs.o ABSOLUTE
    _printf_g                                0x00000000   Number         0  stubs.o ABSOLUTE
    _printf_i                                0x00000000   Number         0  stubs.o ABSOLUTE
    _printf_int_dec                          0x00000000   Number         0  stubs.o ABSOLUTE
    _printf_l                                0x00000000   Number         0  stubs.o ABSOLUTE
    _printf_lc                               0x00000000   Number         0  stubs.o ABSOLUTE
    _printf_ll                               0x00000000   Number         0  stubs.o ABSOLUTE
    _printf_lld                              0x00000000   Number         0  stubs.o ABSOLUTE
    _printf_lli                              0x00000000   Number         0  stubs.o ABSOLUTE
    _printf_llo                              0x00000000   Number         0  stubs.o ABSOLUTE
    _printf_llu                              0x00000000   Number         0  stubs.o ABSOLUTE
    _printf_llx                              0x00000000   Number         0  stubs.o ABSOLUTE
    _printf_longlong_dec                     0x00000000   Number         0  stubs.o ABSOLUTE
    _printf_longlong_hex                     0x00000000   Number         0  stubs.o ABSOLUTE
    _printf_longlong_oct                     0x00000000   Number         0  stubs.o ABSOLUTE
    _printf_ls                               0x00000000   Number         0  stubs.o ABSOLUTE
    _printf_mbtowc                           0x00000000   Number         0  stubs.o ABSOLUTE
    _printf_n                                0x00000000   Number         0  stubs.o ABSOLUTE
    _printf_o                                0x00000000   Number         0  stubs.o ABSOLUTE
    _printf_p                                0x00000000   Number         0  stubs.o ABSOLUTE
    _printf_percent                          0x00000000   Number         0  stubs.o ABSOLUTE
    _printf_pre_padding                      0x00000000   Number         0  stubs.o ABSOLUTE
    _printf_return_value                     0x00000000   Number         0  stubs.o ABSOLUTE
    _printf_s                                0x00000000   Number         0  stubs.o ABSOLUTE
    _printf_sizespec                         0x00000000   Number         0  stubs.o ABSOLUTE
    _printf_str                              0x00000000   Number         0  stubs.o ABSOLUTE
    _printf_truncate_signed                  0x00000000   Number         0  stubs.o ABSOLUTE
    _printf_truncate_unsigned                0x00000000   Number         0  stubs.o ABSOLUTE
    _printf_u                                0x00000000   Number         0  stubs.o ABSOLUTE
    _printf_wc                               0x00000000   Number         0  stubs.o ABSOLUTE
    _printf_wctomb                           0x00000000   Number         0  stubs.o ABSOLUTE
    _printf_widthprec                        0x00000000   Number         0  stubs.o ABSOLUTE
    _printf_x                                0x00000000   Number         0  stubs.o ABSOLUTE
    __cpp_initialize__aeabi_                  - Undefined Weak Reference
    __cxa_finalize                            - Undefined Weak Reference
    __decompress                              - Undefined Weak Reference
    _clock_init                               - Undefined Weak Reference
    _microlib_exit                            - Undefined Weak Reference
    __Vectors_Size                           0x00000188   Number         0  startup_stm32f407xx.o ABSOLUTE
    __Vectors                                0x08000000   Data           4  startup_stm32f407xx.o(RESET)
    __Vectors_End                            0x08000188   Data           0  startup_stm32f407xx.o(RESET)
    __main                                   0x08000189   Thumb Code     0  entry.o(.ARM.Collect$$$$00000000)
    _main_stk                                0x08000189   Thumb Code     0  entry2.o(.ARM.Collect$$$$00000001)
    _main_scatterload                        0x0800018d   Thumb Code     0  entry5.o(.ARM.Collect$$$$00000004)
    __main_after_scatterload                 0x08000191   Thumb Code     0  entry5.o(.ARM.Collect$$$$00000004)
    _main_clock                              0x08000191   Thumb Code     0  entry7b.o(.ARM.Collect$$$$00000008)
    _main_cpp_init                           0x08000191   Thumb Code     0  entry8b.o(.ARM.Collect$$$$0000000A)
    _main_init                               0x08000191   Thumb Code     0  entry9a.o(.ARM.Collect$$$$0000000B)
    __rt_final_cpp                           0x08000199   Thumb Code     0  entry10a.o(.ARM.Collect$$$$0000000D)
    __rt_final_exit                          0x08000199   Thumb Code     0  entry11a.o(.ARM.Collect$$$$0000000F)
    Reset_Handler                            0x0800019d   Thumb Code     8  startup_stm32f407xx.o(.text)
    CAN1_RX0_IRQHandler                      0x080001b7   Thumb Code     0  startup_stm32f407xx.o(.text)
    CAN1_RX1_IRQHandler                      0x080001b7   Thumb Code     0  startup_stm32f407xx.o(.text)
    CAN1_SCE_IRQHandler                      0x080001b7   Thumb Code     0  startup_stm32f407xx.o(.text)
    CAN1_TX_IRQHandler                       0x080001b7   Thumb Code     0  startup_stm32f407xx.o(.text)
    CAN2_RX0_IRQHandler                      0x080001b7   Thumb Code     0  startup_stm32f407xx.o(.text)
    CAN2_RX1_IRQHandler                      0x080001b7   Thumb Code     0  startup_stm32f407xx.o(.text)
    CAN2_SCE_IRQHandler                      0x080001b7   Thumb Code     0  startup_stm32f407xx.o(.text)
    CAN2_TX_IRQHandler                       0x080001b7   Thumb Code     0  startup_stm32f407xx.o(.text)
    DCMI_IRQHandler                          0x080001b7   Thumb Code     0  startup_stm32f407xx.o(.text)
    DMA1_Stream0_IRQHandler                  0x080001b7   Thumb Code     0  startup_stm32f407xx.o(.text)
    DMA1_Stream1_IRQHandler                  0x080001b7   Thumb Code     0  startup_stm32f407xx.o(.text)
    DMA1_Stream2_IRQHandler                  0x080001b7   Thumb Code     0  startup_stm32f407xx.o(.text)
    DMA1_Stream3_IRQHandler                  0x080001b7   Thumb Code     0  startup_stm32f407xx.o(.text)
    DMA1_Stream4_IRQHandler                  0x080001b7   Thumb Code     0  startup_stm32f407xx.o(.text)
    DMA1_Stream5_IRQHandler                  0x080001b7   Thumb Code     0  startup_stm32f407xx.o(.text)
    DMA1_Stream6_IRQHandler                  0x080001b7   Thumb Code     0  startup_stm32f407xx.o(.text)
    DMA1_Stream7_IRQHandler                  0x080001b7   Thumb Code     0  startup_stm32f407xx.o(.text)
    DMA2_Stream1_IRQHandler                  0x080001b7   Thumb Code     0  startup_stm32f407xx.o(.text)
    DMA2_Stream3_IRQHandler                  0x080001b7   Thumb Code     0  startup_stm32f407xx.o(.text)
    DMA2_Stream4_IRQHandler                  0x080001b7   Thumb Code     0  startup_stm32f407xx.o(.text)
    DMA2_Stream5_IRQHandler                  0x080001b7   Thumb Code     0  startup_stm32f407xx.o(.text)
    DMA2_Stream6_IRQHandler                  0x080001b7   Thumb Code     0  startup_stm32f407xx.o(.text)
    ETH_IRQHandler                           0x080001b7   Thumb Code     0  startup_stm32f407xx.o(.text)
    ETH_WKUP_IRQHandler                      0x080001b7   Thumb Code     0  startup_stm32f407xx.o(.text)
    EXTI0_IRQHandler                         0x080001b7   Thumb Code     0  startup_stm32f407xx.o(.text)
    EXTI15_10_IRQHandler                     0x080001b7   Thumb Code     0  startup_stm32f407xx.o(.text)
    EXTI1_IRQHandler                         0x080001b7   Thumb Code     0  startup_stm32f407xx.o(.text)
    EXTI2_IRQHandler                         0x080001b7   Thumb Code     0  startup_stm32f407xx.o(.text)
    EXTI3_IRQHandler                         0x080001b7   Thumb Code     0  startup_stm32f407xx.o(.text)
    EXTI4_IRQHandler                         0x080001b7   Thumb Code     0  startup_stm32f407xx.o(.text)
    EXTI9_5_IRQHandler                       0x080001b7   Thumb Code     0  startup_stm32f407xx.o(.text)
    FLASH_IRQHandler                         0x080001b7   Thumb Code     0  startup_stm32f407xx.o(.text)
    FMC_IRQHandler                           0x080001b7   Thumb Code     0  startup_stm32f407xx.o(.text)
    FPU_IRQHandler                           0x080001b7   Thumb Code     0  startup_stm32f407xx.o(.text)
    HASH_RNG_IRQHandler                      0x080001b7   Thumb Code     0  startup_stm32f407xx.o(.text)
    I2C1_ER_IRQHandler                       0x080001b7   Thumb Code     0  startup_stm32f407xx.o(.text)
    I2C1_EV_IRQHandler                       0x080001b7   Thumb Code     0  startup_stm32f407xx.o(.text)
    I2C2_ER_IRQHandler                       0x080001b7   Thumb Code     0  startup_stm32f407xx.o(.text)
    I2C2_EV_IRQHandler                       0x080001b7   Thumb Code     0  startup_stm32f407xx.o(.text)
    I2C3_ER_IRQHandler                       0x080001b7   Thumb Code     0  startup_stm32f407xx.o(.text)
    I2C3_EV_IRQHandler                       0x080001b7   Thumb Code     0  startup_stm32f407xx.o(.text)
    OTG_FS_IRQHandler                        0x080001b7   Thumb Code     0  startup_stm32f407xx.o(.text)
    OTG_FS_WKUP_IRQHandler                   0x080001b7   Thumb Code     0  startup_stm32f407xx.o(.text)
    OTG_HS_EP1_IN_IRQHandler                 0x080001b7   Thumb Code     0  startup_stm32f407xx.o(.text)
    OTG_HS_EP1_OUT_IRQHandler                0x080001b7   Thumb Code     0  startup_stm32f407xx.o(.text)
    OTG_HS_IRQHandler                        0x080001b7   Thumb Code     0  startup_stm32f407xx.o(.text)
    OTG_HS_WKUP_IRQHandler                   0x080001b7   Thumb Code     0  startup_stm32f407xx.o(.text)
    PVD_IRQHandler                           0x080001b7   Thumb Code     0  startup_stm32f407xx.o(.text)
    RCC_IRQHandler                           0x080001b7   Thumb Code     0  startup_stm32f407xx.o(.text)
    RTC_Alarm_IRQHandler                     0x080001b7   Thumb Code     0  startup_stm32f407xx.o(.text)
    RTC_WKUP_IRQHandler                      0x080001b7   Thumb Code     0  startup_stm32f407xx.o(.text)
    SDIO_IRQHandler                          0x080001b7   Thumb Code     0  startup_stm32f407xx.o(.text)
    SPI1_IRQHandler                          0x080001b7   Thumb Code     0  startup_stm32f407xx.o(.text)
    SPI2_IRQHandler                          0x080001b7   Thumb Code     0  startup_stm32f407xx.o(.text)
    SPI3_IRQHandler                          0x080001b7   Thumb Code     0  startup_stm32f407xx.o(.text)
    TAMP_STAMP_IRQHandler                    0x080001b7   Thumb Code     0  startup_stm32f407xx.o(.text)
    TIM1_BRK_TIM9_IRQHandler                 0x080001b7   Thumb Code     0  startup_stm32f407xx.o(.text)
    TIM1_CC_IRQHandler                       0x080001b7   Thumb Code     0  startup_stm32f407xx.o(.text)
    TIM1_TRG_COM_TIM11_IRQHandler            0x080001b7   Thumb Code     0  startup_stm32f407xx.o(.text)
    TIM1_UP_TIM10_IRQHandler                 0x080001b7   Thumb Code     0  startup_stm32f407xx.o(.text)
    TIM4_IRQHandler                          0x080001b7   Thumb Code     0  startup_stm32f407xx.o(.text)
    TIM5_IRQHandler                          0x080001b7   Thumb Code     0  startup_stm32f407xx.o(.text)
    TIM6_DAC_IRQHandler                      0x080001b7   Thumb Code     0  startup_stm32f407xx.o(.text)
    TIM7_IRQHandler                          0x080001b7   Thumb Code     0  startup_stm32f407xx.o(.text)
    TIM8_BRK_TIM12_IRQHandler                0x080001b7   Thumb Code     0  startup_stm32f407xx.o(.text)
    TIM8_CC_IRQHandler                       0x080001b7   Thumb Code     0  startup_stm32f407xx.o(.text)
    TIM8_TRG_COM_TIM14_IRQHandler            0x080001b7   Thumb Code     0  startup_stm32f407xx.o(.text)
    TIM8_UP_TIM13_IRQHandler                 0x080001b7   Thumb Code     0  startup_stm32f407xx.o(.text)
    UART4_IRQHandler                         0x080001b7   Thumb Code     0  startup_stm32f407xx.o(.text)
    UART5_IRQHandler                         0x080001b7   Thumb Code     0  startup_stm32f407xx.o(.text)
    USART2_IRQHandler                        0x080001b7   Thumb Code     0  startup_stm32f407xx.o(.text)
    USART3_IRQHandler                        0x080001b7   Thumb Code     0  startup_stm32f407xx.o(.text)
    USART6_IRQHandler                        0x080001b7   Thumb Code     0  startup_stm32f407xx.o(.text)
    WWDG_IRQHandler                          0x080001b7   Thumb Code     0  startup_stm32f407xx.o(.text)
    arm_cos_f32                              0x080001c1   Thumb Code   108  arm_cos_f32.o(.text)
    arm_sin_f32                              0x08000239   Thumb Code   104  arm_sin_f32.o(.text)
    __aeabi_uldivmod                         0x080002ad   Thumb Code    98  uldiv.o(.text)
    __aeabi_memset                           0x0800030f   Thumb Code    14  memseta.o(.text)
    __aeabi_memset4                          0x0800030f   Thumb Code     0  memseta.o(.text)
    __aeabi_memset8                          0x0800030f   Thumb Code     0  memseta.o(.text)
    __aeabi_memclr                           0x0800031d   Thumb Code     4  memseta.o(.text)
    __aeabi_memclr4                          0x0800031d   Thumb Code     0  memseta.o(.text)
    __aeabi_memclr8                          0x0800031d   Thumb Code     0  memseta.o(.text)
    _memset$wrapper                          0x08000321   Thumb Code    18  memseta.o(.text)
    __aeabi_dadd                             0x08000333   Thumb Code   322  dadd.o(.text)
    __aeabi_dsub                             0x08000475   Thumb Code     6  dadd.o(.text)
    __aeabi_drsub                            0x0800047b   Thumb Code     6  dadd.o(.text)
    __aeabi_dmul                             0x08000481   Thumb Code   228  dmul.o(.text)
    __aeabi_ui2d                             0x08000565   Thumb Code    26  dfltui.o(.text)
    __aeabi_f2d                              0x0800057f   Thumb Code    38  f2d.o(.text)
    __aeabi_d2f                              0x080005a5   Thumb Code    56  d2f.o(.text)
    __aeabi_uidiv                            0x080005dd   Thumb Code     0  uidiv.o(.text)
    __aeabi_uidivmod                         0x080005dd   Thumb Code    44  uidiv.o(.text)
    __aeabi_llsl                             0x08000609   Thumb Code    30  llshl.o(.text)
    _ll_shift_l                              0x08000609   Thumb Code     0  llshl.o(.text)
    __aeabi_llsr                             0x08000627   Thumb Code    32  llushr.o(.text)
    _ll_ushift_r                             0x08000627   Thumb Code     0  llushr.o(.text)
    __aeabi_lasr                             0x08000647   Thumb Code    36  llsshr.o(.text)
    _ll_sshift_r                             0x08000647   Thumb Code     0  llsshr.o(.text)
    __strtod_int                             0x080006a3   Thumb Code    90  strtod.o(.text)
    __I$use$fp                               0x08000709   Thumb Code     0  iusefp.o(.text)
    _float_round                             0x08000709   Thumb Code    18  fepilogue.o(.text)
    _float_epilogue                          0x0800071b   Thumb Code    92  fepilogue.o(.text)
    _double_round                            0x08000777   Thumb Code    30  depilogue.o(.text)
    _double_epilogue                         0x08000795   Thumb Code   156  depilogue.o(.text)
    __aeabi_ddiv                             0x08000831   Thumb Code   222  ddiv.o(.text)
    _drem                                    0x0800090f   Thumb Code   134  drem.o(.text)
    __aeabi_d2ulz                            0x08000995   Thumb Code    48  dfixul.o(.text)
    __aeabi_cdrcmple                         0x080009c5   Thumb Code    48  cdrcmple.o(.text)
    __scatterload                            0x080009f5   Thumb Code    28  init.o(.text)
    __scatterload_rt2                        0x080009f5   Thumb Code     0  init.o(.text)
    isspace                                  0x08000a19   Thumb Code    10  isspace_c.o(.text)
    _scanf_real                              0x08000b4d   Thumb Code     0  scanf_fp.o(.text)
    _scanf_really_real                       0x08000b4d   Thumb Code   556  scanf_fp.o(.text)
    _sgetc                                   0x08000d85   Thumb Code    30  _sgetc.o(.text)
    _sbackspace                              0x08000da3   Thumb Code    34  _sgetc.o(.text)
    __ctype_lookup                           0x08000dc5   Thumb Code    34  ctype_c.o(.text)
    __aeabi_ul2d                             0x08000ded   Thumb Code    24  dfltul.o(.text)
    ADC_IRQHandler                           0x08000e05   Thumb Code     6  stm32f4xx_it.o(i.ADC_IRQHandler)
    ADC_Read_Filter                          0x08000f39   Thumb Code    60  inline_adc.o(i.ADC_Read_Filter)
    ADC_Start_lnit                           0x08000f85   Thumb Code     6  inline_adc.o(i.ADC_Start_lnit)
    AS5600_Get_Angle                         0x08000f91   Thumb Code   116  as5600.o(i.AS5600_Get_Angle)
    AS5600_ReadOneByte                       0x08001019   Thumb Code    58  as5600.o(i.AS5600_ReadOneByte)
    AS5600_ReadTwoByte                       0x08001053   Thumb Code    22  as5600.o(i.AS5600_ReadTwoByte)
    AS5600_lnit                              0x08001069   Thumb Code    34  as5600.o(i.AS5600_lnit)
    Align_Sensor                             0x08001095   Thumb Code   514  foc_motor.o(i.Align_Sensor)
    Base_parameter_init                      0x08001409   Thumb Code    48  base_motor_control.o(i.Base_parameter_init)
    BusFault_Handler                         0x08001441   Thumb Code     2  stm32f4xx_it.o(i.BusFault_Handler)
    Current_calibrateOffsets                 0x08001445   Thumb Code   202  inlinecurrentsense.o(i.Current_calibrateOffsets)
    DMA2_Stream0_IRQHandler                  0x08001551   Thumb Code     6  stm32f4xx_it.o(i.DMA2_Stream0_IRQHandler)
    DMA2_Stream2_IRQHandler                  0x0800155d   Thumb Code     6  stm32f4xx_it.o(i.DMA2_Stream2_IRQHandler)
    DMA2_Stream7_IRQHandler                  0x08001569   Thumb Code     6  stm32f4xx_it.o(i.DMA2_Stream7_IRQHandler)
    DebugMon_Handler                         0x08001619   Thumb Code     2  stm32f4xx_it.o(i.DebugMon_Handler)
    Error_Handler                            0x0800161b   Thumb Code     4  main.o(i.Error_Handler)
    GUI_display                              0x08001621   Thumb Code   186  gui.o(i.GUI_display)
    Get_Velocity                             0x08001779   Thumb Code   112  as5600.o(i.Get_Velocity)
    HAL_ADCEx_InjectedConfigChannel          0x080017f9   Thumb Code   428  stm32f4xx_hal_adc_ex.o(i.HAL_ADCEx_InjectedConfigChannel)
    HAL_ADCEx_InjectedConvCpltCallback       0x080019b5   Thumb Code    22  inline_adc.o(i.HAL_ADCEx_InjectedConvCpltCallback)
    HAL_ADCEx_InjectedStart_IT               0x080019d1   Thumb Code   212  stm32f4xx_hal_adc_ex.o(i.HAL_ADCEx_InjectedStart_IT)
    HAL_ADCEx_InjectedStop_IT                0x08001ab5   Thumb Code    94  stm32f4xx_hal_adc_ex.o(i.HAL_ADCEx_InjectedStop_IT)
    HAL_ADC_ConfigChannel                    0x08001b15   Thumb Code   316  stm32f4xx_hal_adc.o(i.HAL_ADC_ConfigChannel)
    HAL_ADC_ConvCpltCallback                 0x08001c61   Thumb Code     2  stm32f4xx_hal_adc.o(i.HAL_ADC_ConvCpltCallback)
    HAL_ADC_ErrorCallback                    0x08001c63   Thumb Code     2  stm32f4xx_hal_adc.o(i.HAL_ADC_ErrorCallback)
    HAL_ADC_GetValue                         0x08001c65   Thumb Code     6  stm32f4xx_hal_adc.o(i.HAL_ADC_GetValue)
    HAL_ADC_IRQHandler                       0x08001c6b   Thumb Code   302  stm32f4xx_hal_adc.o(i.HAL_ADC_IRQHandler)
    HAL_ADC_Init                             0x08001d99   Thumb Code    84  stm32f4xx_hal_adc.o(i.HAL_ADC_Init)
    HAL_ADC_LevelOutOfWindowCallback         0x08001ded   Thumb Code     2  stm32f4xx_hal_adc.o(i.HAL_ADC_LevelOutOfWindowCallback)
    HAL_ADC_MspInit                          0x08001df1   Thumb Code   148  adc.o(i.HAL_ADC_MspInit)
    HAL_ADC_Start                            0x08001e99   Thumb Code   228  stm32f4xx_hal_adc.o(i.HAL_ADC_Start)
    HAL_DMA_Abort                            0x08001f95   Thumb Code   146  stm32f4xx_hal_dma.o(i.HAL_DMA_Abort)
    HAL_DMA_Abort_IT                         0x08002027   Thumb Code    36  stm32f4xx_hal_dma.o(i.HAL_DMA_Abort_IT)
    HAL_DMA_IRQHandler                       0x0800204d   Thumb Code   412  stm32f4xx_hal_dma.o(i.HAL_DMA_IRQHandler)
    HAL_DMA_Init                             0x080021ed   Thumb Code   206  stm32f4xx_hal_dma.o(i.HAL_DMA_Init)
    HAL_DMA_Start_IT                         0x080022c1   Thumb Code   110  stm32f4xx_hal_dma.o(i.HAL_DMA_Start_IT)
    HAL_GPIO_Init                            0x08002331   Thumb Code   450  stm32f4xx_hal_gpio.o(i.HAL_GPIO_Init)
    HAL_GPIO_ReadPin                         0x08002521   Thumb Code    10  stm32f4xx_hal_gpio.o(i.HAL_GPIO_ReadPin)
    HAL_GPIO_WritePin                        0x0800252b   Thumb Code    10  stm32f4xx_hal_gpio.o(i.HAL_GPIO_WritePin)
    HAL_GetTick                              0x08002535   Thumb Code     6  stm32f4xx_hal.o(i.HAL_GetTick)
    HAL_IncTick                              0x08002541   Thumb Code    12  stm32f4xx_hal.o(i.HAL_IncTick)
    HAL_Init                                 0x08002551   Thumb Code    48  stm32f4xx_hal.o(i.HAL_Init)
    HAL_InitTick                             0x08002585   Thumb Code    54  stm32f4xx_hal.o(i.HAL_InitTick)
    HAL_MspInit                              0x080025c5   Thumb Code    42  stm32f4xx_hal_msp.o(i.HAL_MspInit)
    HAL_NVIC_EnableIRQ                       0x080025f5   Thumb Code    26  stm32f4xx_hal_cortex.o(i.HAL_NVIC_EnableIRQ)
    HAL_NVIC_SetPriority                     0x08002611   Thumb Code    60  stm32f4xx_hal_cortex.o(i.HAL_NVIC_SetPriority)
    HAL_NVIC_SetPriorityGrouping             0x08002651   Thumb Code    26  stm32f4xx_hal_cortex.o(i.HAL_NVIC_SetPriorityGrouping)
    HAL_RCC_ClockConfig                      0x08002675   Thumb Code   288  stm32f4xx_hal_rcc.o(i.HAL_RCC_ClockConfig)
    HAL_RCC_GetPCLK1Freq                     0x080027a9   Thumb Code    20  stm32f4xx_hal_rcc.o(i.HAL_RCC_GetPCLK1Freq)
    HAL_RCC_GetPCLK2Freq                     0x080027c9   Thumb Code    20  stm32f4xx_hal_rcc.o(i.HAL_RCC_GetPCLK2Freq)
    HAL_RCC_GetSysClockFreq                  0x080027e9   Thumb Code    88  stm32f4xx_hal_rcc.o(i.HAL_RCC_GetSysClockFreq)
    HAL_RCC_OscConfig                        0x0800284d   Thumb Code   856  stm32f4xx_hal_rcc.o(i.HAL_RCC_OscConfig)
    HAL_SPI_Init                             0x08002bb9   Thumb Code   188  stm32f4xx_hal_spi.o(i.HAL_SPI_Init)
    HAL_SPI_MspInit                          0x08002c75   Thumb Code    92  spi.o(i.HAL_SPI_MspInit)
    HAL_SPI_Transmit                         0x08002cdd   Thumb Code   358  stm32f4xx_hal_spi.o(i.HAL_SPI_Transmit)
    HAL_SYSTICK_CLKSourceConfig              0x08002e43   Thumb Code    24  stm32f4xx_hal_cortex.o(i.HAL_SYSTICK_CLKSourceConfig)
    HAL_SYSTICK_Config                       0x08002e5b   Thumb Code    40  stm32f4xx_hal_cortex.o(i.HAL_SYSTICK_Config)
    HAL_TIMEx_BreakCallback                  0x08002e83   Thumb Code     2  stm32f4xx_hal_tim_ex.o(i.HAL_TIMEx_BreakCallback)
    HAL_TIMEx_CommutCallback                 0x08002e85   Thumb Code     2  stm32f4xx_hal_tim_ex.o(i.HAL_TIMEx_CommutCallback)
    HAL_TIMEx_ConfigBreakDeadTime            0x08002e87   Thumb Code    84  stm32f4xx_hal_tim_ex.o(i.HAL_TIMEx_ConfigBreakDeadTime)
    HAL_TIMEx_MasterConfigSynchronization    0x08002edd   Thumb Code   116  stm32f4xx_hal_tim_ex.o(i.HAL_TIMEx_MasterConfigSynchronization)
    HAL_TIMEx_PWMN_Start                     0x08002f6d   Thumb Code   164  stm32f4xx_hal_tim_ex.o(i.HAL_TIMEx_PWMN_Start)
    HAL_TIM_Base_Init                        0x0800302d   Thumb Code    90  stm32f4xx_hal_tim.o(i.HAL_TIM_Base_Init)
    HAL_TIM_Base_MspInit                     0x08003089   Thumb Code    86  tim.o(i.HAL_TIM_Base_MspInit)
    HAL_TIM_Base_Start_IT                    0x080030e9   Thumb Code   100  stm32f4xx_hal_tim.o(i.HAL_TIM_Base_Start_IT)
    HAL_TIM_ConfigClockSource                0x08003169   Thumb Code   220  stm32f4xx_hal_tim.o(i.HAL_TIM_ConfigClockSource)
    HAL_TIM_IC_CaptureCallback               0x08003245   Thumb Code     2  stm32f4xx_hal_tim.o(i.HAL_TIM_IC_CaptureCallback)
    HAL_TIM_IRQHandler                       0x08003247   Thumb Code   358  stm32f4xx_hal_tim.o(i.HAL_TIM_IRQHandler)
    HAL_TIM_MspPostInit                      0x080033ad   Thumb Code    72  tim.o(i.HAL_TIM_MspPostInit)
    HAL_TIM_OC_DelayElapsedCallback          0x08003401   Thumb Code     2  stm32f4xx_hal_tim.o(i.HAL_TIM_OC_DelayElapsedCallback)
    HAL_TIM_PWM_ConfigChannel                0x08003403   Thumb Code   204  stm32f4xx_hal_tim.o(i.HAL_TIM_PWM_ConfigChannel)
    HAL_TIM_PWM_Init                         0x080034cf   Thumb Code    90  stm32f4xx_hal_tim.o(i.HAL_TIM_PWM_Init)
    HAL_TIM_PWM_MspInit                      0x08003529   Thumb Code    30  tim.o(i.HAL_TIM_PWM_MspInit)
    HAL_TIM_PWM_PulseFinishedCallback        0x08003551   Thumb Code     2  stm32f4xx_hal_tim.o(i.HAL_TIM_PWM_PulseFinishedCallback)
    HAL_TIM_PWM_Start                        0x08003555   Thumb Code   172  stm32f4xx_hal_tim.o(i.HAL_TIM_PWM_Start)
    HAL_TIM_PeriodElapsedCallback            0x0800361d   Thumb Code   100  main.o(i.HAL_TIM_PeriodElapsedCallback)
    HAL_TIM_TriggerCallback                  0x08003699   Thumb Code     2  stm32f4xx_hal_tim.o(i.HAL_TIM_TriggerCallback)
    HAL_UARTEx_RxEventCallback               0x0800369b   Thumb Code     2  stm32f4xx_hal_uart.o(i.HAL_UARTEx_RxEventCallback)
    HAL_UART_DMAStop                         0x0800369d   Thumb Code   112  stm32f4xx_hal_uart.o(i.HAL_UART_DMAStop)
    HAL_UART_ErrorCallback                   0x0800370d   Thumb Code     2  stm32f4xx_hal_uart.o(i.HAL_UART_ErrorCallback)
    HAL_UART_IRQHandler                      0x08003711   Thumb Code   610  stm32f4xx_hal_uart.o(i.HAL_UART_IRQHandler)
    HAL_UART_Init                            0x08003979   Thumb Code    98  stm32f4xx_hal_uart.o(i.HAL_UART_Init)
    HAL_UART_MspInit                         0x080039dd   Thumb Code   210  usart.o(i.HAL_UART_MspInit)
    HAL_UART_Receive_DMA                     0x08003ac5   Thumb Code    42  stm32f4xx_hal_uart.o(i.HAL_UART_Receive_DMA)
    HAL_UART_RxCpltCallback                  0x08003aef   Thumb Code     2  stm32f4xx_hal_uart.o(i.HAL_UART_RxCpltCallback)
    HAL_UART_RxHalfCpltCallback              0x08003af1   Thumb Code     2  stm32f4xx_hal_uart.o(i.HAL_UART_RxHalfCpltCallback)
    HAL_UART_TxCpltCallback                  0x08003af3   Thumb Code     2  stm32f4xx_hal_uart.o(i.HAL_UART_TxCpltCallback)
    HardFault_Handler                        0x08003af5   Thumb Code     2  stm32f4xx_it.o(i.HardFault_Handler)
    IIC_Ack                                  0x08003af9   Thumb Code    76  as5600.o(i.IIC_Ack)
    IIC_NAck                                 0x08003b49   Thumb Code    76  as5600.o(i.IIC_NAck)
    IIC_Read_Byte                            0x08003b99   Thumb Code   100  as5600.o(i.IIC_Read_Byte)
    IIC_Send_Byte                            0x08003c01   Thumb Code   104  as5600.o(i.IIC_Send_Byte)
    IIC_Start                                0x08003c6d   Thumb Code    76  as5600.o(i.IIC_Start)
    IIC_Stop                                 0x08003cbd   Thumb Code    76  as5600.o(i.IIC_Stop)
    IIC_Wait_Ack                             0x08003d0d   Thumb Code    94  as5600.o(i.IIC_Wait_Ack)
    InlineCurrentSense_Init                  0x08003d71   Thumb Code    14  inlinecurrentsense.o(i.InlineCurrentSense_Init)
    LCD_Address_Set                          0x08003d7f   Thumb Code    62  lcd_init.o(i.LCD_Address_Set)
    LCD_DrawPoint                            0x08003dbd   Thumb Code    22  lcd.o(i.LCD_DrawPoint)
    LCD_Fill                                 0x08003dd5   Thumb Code    90  lcd.o(i.LCD_Fill)
    LCD_Init                                 0x08003e35   Thumb Code   396  lcd_init.o(i.LCD_Init)
    LCD_ShowChar                             0x08003fc9   Thumb Code   252  lcd.o(i.LCD_ShowChar)
    LCD_ShowFloatNum1                        0x080040d5   Thumb Code   146  lcd.o(i.LCD_ShowFloatNum1)
    LCD_ShowString                           0x0800416d   Thumb Code    58  lcd.o(i.LCD_ShowString)
    LCD_WR_DATA                              0x080041a7   Thumb Code    20  lcd_init.o(i.LCD_WR_DATA)
    LCD_WR_REG                               0x080041bd   Thumb Code    40  lcd_init.o(i.LCD_WR_REG)
    LCD_Writ_Bus                             0x080041e9   Thumb Code    50  lcd_init.o(i.LCD_Writ_Bus)
    LPF_Operator                             0x08004225   Thumb Code   112  low_pass_filtering.o(i.LPF_Operator)
    LPF_init                                 0x080042a1   Thumb Code    52  low_pass_filtering.o(i.LPF_init)
    LoopFOC                                  0x080042e5   Thumb Code   140  foc_motor.o(i.LoopFOC)
    MX_ADC1_Init                             0x08004385   Thumb Code   178  adc.o(i.MX_ADC1_Init)
    MX_DMA_Init                              0x08004445   Thumb Code    72  dma.o(i.MX_DMA_Init)
    MX_GPIO_Init                             0x08004491   Thumb Code   188  gpio.o(i.MX_GPIO_Init)
    MX_SPI1_Init                             0x08004559   Thumb Code    64  spi.o(i.MX_SPI1_Init)
    MX_TIM1_Init                             0x080045a1   Thumb Code   214  tim.o(i.MX_TIM1_Init)
    MX_TIM2_Init                             0x08004681   Thumb Code    96  tim.o(i.MX_TIM2_Init)
    MX_TIM3_Init                             0x080046e5   Thumb Code    94  tim.o(i.MX_TIM3_Init)
    MX_USART1_UART_Init                      0x0800474d   Thumb Code    48  usart.o(i.MX_USART1_UART_Init)
    MemManage_Handler                        0x08004785   Thumb Code     2  stm32f4xx_it.o(i.MemManage_Handler)
    Motor_FOC_Init                           0x08004789   Thumb Code    74  foc_motor.o(i.Motor_FOC_Init)
    Motor_Init                               0x080047dd   Thumb Code    84  foc_motor.o(i.Motor_Init)
    Move                                     0x08004875   Thumb Code   134  foc_motor.o(i.Move)
    NMI_Handler                              0x0800490d   Thumb Code     2  stm32f4xx_it.o(i.NMI_Handler)
    PID_Operator                             0x08004911   Thumb Code   228  pid_motor.o(i.PID_Operator)
    PID_init                                 0x08004a01   Thumb Code   144  pid_motor.o(i.PID_init)
    PendSV_Handler                           0x08004a99   Thumb Code     2  stm32f4xx_it.o(i.PendSV_Handler)
    Read_InlineCurrentSense                  0x08004a9d   Thumb Code    98  inlinecurrentsense.o(i.Read_InlineCurrentSense)
    SVC_Handler                              0x08004c41   Thumb Code     2  stm32f4xx_it.o(i.SVC_Handler)
    SysTick_Handler                          0x08004c43   Thumb Code     4  stm32f4xx_it.o(i.SysTick_Handler)
    SystemClock_Config                       0x08004c49   Thumb Code   140  main.o(i.SystemClock_Config)
    SystemInit                               0x08004cdd   Thumb Code    12  system_stm32f4xx.o(i.SystemInit)
    TIM2_IRQHandler                          0x08004ced   Thumb Code     6  stm32f4xx_it.o(i.TIM2_IRQHandler)
    TIM3_IRQHandler                          0x08004cf9   Thumb Code     6  stm32f4xx_it.o(i.TIM3_IRQHandler)
    TIM_Base_SetConfig                       0x08004d05   Thumb Code   156  stm32f4xx_hal_tim.o(i.TIM_Base_SetConfig)
    TIM_CCxChannelCmd                        0x08004dcd   Thumb Code    26  stm32f4xx_hal_tim.o(i.TIM_CCxChannelCmd)
    TIM_ETR_SetConfig                        0x08004e01   Thumb Code    20  stm32f4xx_hal_tim.o(i.TIM_ETR_SetConfig)
    TIM_OC2_SetConfig                        0x08004e85   Thumb Code    98  stm32f4xx_hal_tim.o(i.TIM_OC2_SetConfig)
    UART_Start_Receive_DMA                   0x0800531d   Thumb Code   134  stm32f4xx_hal_uart.o(i.UART_Start_Receive_DMA)
    USART1_IRQHandler                        0x080053b1   Thumb Code    16  stm32f4xx_it.o(i.USART1_IRQHandler)
    UsageFault_Handler                       0x080053c5   Thumb Code     2  stm32f4xx_it.o(i.UsageFault_Handler)
    Usart1_Handle                            0x080053c9   Thumb Code   622  usrt.o(i.Usart1_Handle)
    Usart1_IDLE                              0x08005725   Thumb Code    48  usrt.o(i.Usart1_IDLE)
    Velocity_Openloop                        0x08005761   Thumb Code   140  foc_motor.o(i.Velocity_Openloop)
    __0printf                                0x08005805   Thumb Code    22  printfa.o(i.__0printf)
    __1printf                                0x08005805   Thumb Code     0  printfa.o(i.__0printf)
    __2printf                                0x08005805   Thumb Code     0  printfa.o(i.__0printf)
    __c89printf                              0x08005805   Thumb Code     0  printfa.o(i.__0printf)
    printf                                   0x08005805   Thumb Code     0  printfa.o(i.__0printf)
    __ARM_fpclassify                         0x08005825   Thumb Code    48  fpclassify.o(i.__ARM_fpclassify)
    __hardfp_atan                            0x08005879   Thumb Code   622  atan.o(i.__hardfp_atan)
    __hardfp_atan2                           0x08005b51   Thumb Code   432  atan2.o(i.__hardfp_atan2)
    __hardfp_atof                            0x08005d41   Thumb Code    44  atof.o(i.__hardfp_atof)
    __hardfp_fmod                            0x08005d79   Thumb Code   254  fmod.o(i.__hardfp_fmod)
    __kernel_poly                            0x08005e7d   Thumb Code   248  poly.o(i.__kernel_poly)
    __mathlib_dbl_infnan                     0x08005f75   Thumb Code    20  dunder.o(i.__mathlib_dbl_infnan)
    __mathlib_dbl_infnan2                    0x08005f89   Thumb Code    20  dunder.o(i.__mathlib_dbl_infnan2)
    __mathlib_dbl_invalid                    0x08005fa1   Thumb Code    24  dunder.o(i.__mathlib_dbl_invalid)
    __mathlib_dbl_underflow                  0x08005fc1   Thumb Code    24  dunder.o(i.__mathlib_dbl_underflow)
    __read_errno                             0x08005fe1   Thumb Code     6  errno.o(i.__read_errno)
    __scatterload_copy                       0x08005fed   Thumb Code    14  handlers.o(i.__scatterload_copy)
    __scatterload_null                       0x08005ffb   Thumb Code     2  handlers.o(i.__scatterload_null)
    __scatterload_zeroinit                   0x08005ffd   Thumb Code    14  handlers.o(i.__scatterload_zeroinit)
    __set_errno                              0x0800600d   Thumb Code     6  errno.o(i.__set_errno)
    _electricalAngle                         0x08006019   Thumb Code    14  foc_define.o(i._electricalAngle)
    _is_digit                                0x080061ad   Thumb Code    14  scanf_fp.o(i._is_digit)
    _normalizeAngle                          0x080061bd   Thumb Code    54  foc_define.o(i._normalizeAngle)
    _sqrtApprox                              0x08006931   Thumb Code    20  foc_define.o(i._sqrtApprox)
    atan                                     0x08006949   Thumb Code    16  atan.o(i.atan)
    delay_init                               0x08006959   Thumb Code    28  delay_jr.o(i.delay_init)
    delay_ms                                 0x0800697d   Thumb Code    26  delay_jr.o(i.delay_ms)
    delay_us                                 0x08006999   Thumb Code    48  delay_jr.o(i.delay_us)
    electricalAngle                          0x080069cd   Thumb Code    30  foc_motor.o(i.electricalAngle)
    fabs                                     0x080069f5   Thumb Code    24  fabs.o(i.fabs)
    fputc                                    0x08006a0d   Thumb Code    12  usrt.o(i.fputc)
    getFOCCurrents                           0x08006a1d   Thumb Code   128  currentsense.o(i.getFOCCurrents)
    getPhaseCurrents                         0x08006aa9   Thumb Code   106  inlinecurrentsense.o(i.getPhaseCurrents)
    main                                     0x08006b21   Thumb Code   322  main.o(i.main)
    mypow                                    0x08006cb5   Thumb Code    16  lcd.o(i.mypow)
    setPhaseVoltage                          0x08006cc5   Thumb Code   532  foc_motor.o(i.setPhaseVoltage)
    shaftAngle                               0x08006f01   Thumb Code    22  foc_motor.o(i.shaftAngle)
    shaftVelocity                            0x08006f1d   Thumb Code    28  foc_motor.o(i.shaftVelocity)
    AHBPrescTable                            0x08006f48   Data          16  system_stm32f4xx.o(.constdata)
    APBPrescTable                            0x08006f58   Data           8  system_stm32f4xx.o(.constdata)
    ascii_1206                               0x08006f60   Data        1140  lcd.o(.constdata)
    ascii_1608                               0x080073d4   Data        1520  lcd.o(.constdata)
    ascii_2412                               0x080079c4   Data        4560  lcd.o(.constdata)
    ascii_3216                               0x08008b94   Data        6080  lcd.o(.constdata)
    tfont12                                  0x0800a354   Data         130  lcd.o(.constdata)
    tfont16                                  0x0800a3d6   Data         170  lcd.o(.constdata)
    tfont24                                  0x0800a480   Data         370  lcd.o(.constdata)
    tfont32                                  0x0800a5f2   Data         650  lcd.o(.constdata)
    sinTable_f32                             0x0800a87c   Data        2052  arm_common_tables.o(.constdata)
    __mathlib_zero                           0x0800b118   Data           8  qnan.o(.constdata)
    __ctype_categories                       0x0800b120   Data          64  ctype_c.o(.constdata)
    Region$$Table$$Base                      0x0800b160   Number         0  anon$$obj.o(Region$$Table)
    Region$$Table$$Limit                     0x0800b180   Number         0  anon$$obj.o(Region$$Table)
    Target                                   0x20000000   Data           4  main.o(.data)
    ADC_Reg_Value                            0x20000004   Data           4  main.o(.data)
    Mode                                     0x20000008   Data           1  main.o(.data)
    uwTickFreq                               0x2000000c   Data           1  stm32f4xx_hal.o(.data)
    uwTickPrio                               0x20000010   Data           4  stm32f4xx_hal.o(.data)
    uwTick                                   0x20000014   Data           4  stm32f4xx_hal.o(.data)
    SystemCoreClock                          0x20000018   Data           4  system_stm32f4xx.o(.data)
    angle_prev                               0x2000001c   Data           4  as5600.o(.data)
    velocity_calc_timestamp                  0x20000028   Data           4  as5600.o(.data)
    rec1_end_flag                            0x20000030   Data           1  usrt.o(.data)
    multi1                                   0x20000031   Data           1  usrt.o(.data)
    rx1_len                                  0x20000034   Data           4  usrt.o(.data)
    i                                        0x20000038   Data           4  usrt.o(.data)
    Data_Buffer1                             0x2000003c   Data           4  usrt.o(.data)
    Controller                               0x20000040   Data           1  foc_motor.o(.data)
    zero_electric_angle                      0x20000044   Data           4  foc_motor.o(.data)
    sensor_direction                         0x20000048   Data           4  foc_motor.o(.data)
    shaft_velocity                           0x2000004c   Data           4  foc_motor.o(.data)
    shaft_angle                              0x20000050   Data           4  foc_motor.o(.data)
    electrical_angle                         0x20000054   Data           4  foc_motor.o(.data)
    shaft_velocity_sp                        0x20000058   Data           4  foc_motor.o(.data)
    shaft_angle_sp                           0x2000005c   Data           4  foc_motor.o(.data)
    current_sp                               0x20000060   Data           4  foc_motor.o(.data)
    open_loop_timestamp                      0x20000064   Data           4  foc_motor.o(.data)
    Current                                  0x20000068   Data           8  foc_motor.o(.data)
    Voltage                                  0x20000070   Data           8  foc_motor.o(.data)
    offset_ia                                0x20000078   Data           4  inlinecurrentsense.o(.data)
    offset_ib                                0x2000007c   Data           4  inlinecurrentsense.o(.data)
    offset_ic                                0x20000080   Data           4  inlinecurrentsense.o(.data)
    PinA                                     0x20000084   Data           4  inlinecurrentsense.o(.data)
    PinB                                     0x20000088   Data           4  inlinecurrentsense.o(.data)
    PinC                                     0x2000008c   Data           4  inlinecurrentsense.o(.data)
    __stdout                                 0x20000090   Data           4  stdout.o(.data)
    hadc1                                    0x20000098   Data          72  adc.o(.bss)
    hdma_adc1                                0x200000e0   Data          96  adc.o(.bss)
    hspi1                                    0x20000140   Data          88  spi.o(.bss)
    htim1                                    0x20000198   Data          72  tim.o(.bss)
    htim2                                    0x200001e0   Data          72  tim.o(.bss)
    htim3                                    0x20000228   Data          72  tim.o(.bss)
    huart1                                   0x20000270   Data          68  usart.o(.bss)
    hdma_usart1_rx                           0x200002b4   Data          96  usart.o(.bss)
    hdma_usart1_tx                           0x20000314   Data          96  usart.o(.bss)
    rx1_buffer                               0x20000374   Data        1000  usrt.o(.bss)
    rx1_buffer_lll                           0x2000075c   Data        1000  usrt.o(.bss)
    ADC_Value_Temp                           0x20000b44   Data          12  inline_adc.o(.bss)
    Motor_init                               0x20000b50   Data          24  base_motor_control.o(.bss)
    vta                                      0x20000b68   Data          12  inlinecurrentsense.o(.bss)
    LPF_current_q                            0x20000b74   Data          12  low_pass_filtering.o(.bss)
    LPF_current_d                            0x20000b80   Data          12  low_pass_filtering.o(.bss)
    LPF_velocity                             0x20000b8c   Data          12  low_pass_filtering.o(.bss)
    PID_Current_q                            0x20000b98   Data          36  pid_motor.o(.bss)
    PID_Current_d                            0x20000bbc   Data          36  pid_motor.o(.bss)
    PID_Velocity                             0x20000be0   Data          36  pid_motor.o(.bss)
    PID_Angle                                0x20000c04   Data          36  pid_motor.o(.bss)
    __initial_sp                             0x20001028   Data           0  startup_stm32f407xx.o(STACK)



==============================================================================

Memory Map of the image

  Image Entry point : 0x08000189

  Load Region LR_IROM1 (Base: 0x08000000, Size: 0x0000b218, Max: 0x00100000, ABSOLUTE)

    Execution Region ER_IROM1 (Exec base: 0x08000000, Load base: 0x08000000, Size: 0x0000b180, Max: 0x00100000, ABSOLUTE)

    Exec Addr    Load Addr    Size         Type   Attr      Idx    E Section Name        Object

    0x08000000   0x08000000   0x00000188   Data   RO            3    RESET               startup_stm32f407xx.o
    0x08000188   0x08000188   0x00000000   Code   RO         4723  * .ARM.Collect$$$$00000000  mc_w.l(entry.o)
    0x08000188   0x08000188   0x00000004   Code   RO         5036    .ARM.Collect$$$$00000001  mc_w.l(entry2.o)
    0x0800018c   0x0800018c   0x00000004   Code   RO         5039    .ARM.Collect$$$$00000004  mc_w.l(entry5.o)
    0x08000190   0x08000190   0x00000000   Code   RO         5041    .ARM.Collect$$$$00000008  mc_w.l(entry7b.o)
    0x08000190   0x08000190   0x00000000   Code   RO         5043    .ARM.Collect$$$$0000000A  mc_w.l(entry8b.o)
    0x08000190   0x08000190   0x00000008   Code   RO         5044    .ARM.Collect$$$$0000000B  mc_w.l(entry9a.o)
    0x08000198   0x08000198   0x00000000   Code   RO         5046    .ARM.Collect$$$$0000000D  mc_w.l(entry10a.o)
    0x08000198   0x08000198   0x00000000   Code   RO         5048    .ARM.Collect$$$$0000000F  mc_w.l(entry11a.o)
    0x08000198   0x08000198   0x00000004   Code   RO         5037    .ARM.Collect$$$$00002712  mc_w.l(entry2.o)
    0x0800019c   0x0800019c   0x00000024   Code   RO            4    .text               startup_stm32f407xx.o
    0x080001c0   0x080001c0   0x00000078   Code   RO         4537    .text               arm_cortexM4lf_math.lib(arm_cos_f32.o)
    0x08000238   0x08000238   0x00000074   Code   RO         4590    .text               arm_cortexM4lf_math.lib(arm_sin_f32.o)
    0x080002ac   0x080002ac   0x00000062   Code   RO         4726    .text               mc_w.l(uldiv.o)
    0x0800030e   0x0800030e   0x00000024   Code   RO         4728    .text               mc_w.l(memseta.o)
    0x08000332   0x08000332   0x0000014e   Code   RO         4991    .text               mf_w.l(dadd.o)
    0x08000480   0x08000480   0x000000e4   Code   RO         4993    .text               mf_w.l(dmul.o)
    0x08000564   0x08000564   0x0000001a   Code   RO         4995    .text               mf_w.l(dfltui.o)
    0x0800057e   0x0800057e   0x00000026   Code   RO         4997    .text               mf_w.l(f2d.o)
    0x080005a4   0x080005a4   0x00000038   Code   RO         4999    .text               mf_w.l(d2f.o)
    0x080005dc   0x080005dc   0x0000002c   Code   RO         5051    .text               mc_w.l(uidiv.o)
    0x08000608   0x08000608   0x0000001e   Code   RO         5053    .text               mc_w.l(llshl.o)
    0x08000626   0x08000626   0x00000020   Code   RO         5055    .text               mc_w.l(llushr.o)
    0x08000646   0x08000646   0x00000024   Code   RO         5057    .text               mc_w.l(llsshr.o)
    0x0800066a   0x0800066a   0x00000002   PAD
    0x0800066c   0x0800066c   0x0000009c   Code   RO         5066    .text               mc_w.l(strtod.o)
    0x08000708   0x08000708   0x00000000   Code   RO         5068    .text               mc_w.l(iusefp.o)
    0x08000708   0x08000708   0x0000006e   Code   RO         5069    .text               mf_w.l(fepilogue.o)
    0x08000776   0x08000776   0x000000ba   Code   RO         5071    .text               mf_w.l(depilogue.o)
    0x08000830   0x08000830   0x000000de   Code   RO         5073    .text               mf_w.l(ddiv.o)
    0x0800090e   0x0800090e   0x00000086   Code   RO         5077    .text               mf_w.l(drem.o)
    0x08000994   0x08000994   0x00000030   Code   RO         5079    .text               mf_w.l(dfixul.o)
    0x080009c4   0x080009c4   0x00000030   Code   RO         5081    .text               mf_w.l(cdrcmple.o)
    0x080009f4   0x080009f4   0x00000024   Code   RO         5087    .text               mc_w.l(init.o)
    0x08000a18   0x08000a18   0x0000000a   Code   RO         5089    .text               mc_w.l(isspace_c.o)
    0x08000a22   0x08000a22   0x00000002   PAD
    0x08000a24   0x08000a24   0x00000360   Code   RO         5091    .text               mc_w.l(scanf_fp.o)
    0x08000d84   0x08000d84   0x00000040   Code   RO         5095    .text               mc_w.l(_sgetc.o)
    0x08000dc4   0x08000dc4   0x00000028   Code   RO         5097    .text               mc_w.l(ctype_c.o)
    0x08000dec   0x08000dec   0x00000018   Code   RO         5100    .text               mf_w.l(dfltul.o)
    0x08000e04   0x08000e04   0x0000000c   Code   RO          506    i.ADC_IRQHandler    stm32f4xx_it.o
    0x08000e10   0x08000e10   0x00000128   Code   RO          651    i.ADC_Init          stm32f4xx_hal_adc.o
    0x08000f38   0x08000f38   0x0000004c   Code   RO         4176    i.ADC_Read_Filter   inline_adc.o
    0x08000f84   0x08000f84   0x0000000c   Code   RO         4177    i.ADC_Start_lnit    inline_adc.o
    0x08000f90   0x08000f90   0x00000088   Code   RO         3748    i.AS5600_Get_Angle  as5600.o
    0x08001018   0x08001018   0x0000003a   Code   RO         3749    i.AS5600_ReadOneByte  as5600.o
    0x08001052   0x08001052   0x00000016   Code   RO         3750    i.AS5600_ReadTwoByte  as5600.o
    0x08001068   0x08001068   0x0000002c   Code   RO         3752    i.AS5600_lnit       as5600.o
    0x08001094   0x08001094   0x00000374   Code   RO         4336    i.Align_Sensor      foc_motor.o
    0x08001408   0x08001408   0x00000038   Code   RO         4218    i.Base_parameter_init  base_motor_control.o
    0x08001440   0x08001440   0x00000002   Code   RO          507    i.BusFault_Handler  stm32f4xx_it.o
    0x08001442   0x08001442   0x00000002   PAD
    0x08001444   0x08001444   0x0000010c   Code   RO         4418    i.Current_calibrateOffsets  inlinecurrentsense.o
    0x08001550   0x08001550   0x0000000c   Code   RO          508    i.DMA2_Stream0_IRQHandler  stm32f4xx_it.o
    0x0800155c   0x0800155c   0x0000000c   Code   RO          509    i.DMA2_Stream2_IRQHandler  stm32f4xx_it.o
    0x08001568   0x08001568   0x0000000c   Code   RO          510    i.DMA2_Stream7_IRQHandler  stm32f4xx_it.o
    0x08001574   0x08001574   0x00000028   Code   RO         1385    i.DMA_CalcBaseAndBitshift  stm32f4xx_hal_dma.o
    0x0800159c   0x0800159c   0x00000054   Code   RO         1386    i.DMA_CheckFifoParam  stm32f4xx_hal_dma.o
    0x080015f0   0x080015f0   0x00000028   Code   RO         1387    i.DMA_SetConfig     stm32f4xx_hal_dma.o
    0x08001618   0x08001618   0x00000002   Code   RO          511    i.DebugMon_Handler  stm32f4xx_it.o
    0x0800161a   0x0800161a   0x00000004   Code   RO           13    i.Error_Handler     main.o
    0x0800161e   0x0800161e   0x00000002   PAD
    0x08001620   0x08001620   0x00000158   Code   RO         4142    i.GUI_display       gui.o
    0x08001778   0x08001778   0x00000080   Code   RO         3753    i.Get_Velocity      as5600.o
    0x080017f8   0x080017f8   0x000001bc   Code   RO          821    i.HAL_ADCEx_InjectedConfigChannel  stm32f4xx_hal_adc_ex.o
    0x080019b4   0x080019b4   0x0000001c   Code   RO         4178    i.HAL_ADCEx_InjectedConvCpltCallback  inline_adc.o
    0x080019d0   0x080019d0   0x000000e4   Code   RO          826    i.HAL_ADCEx_InjectedStart_IT  stm32f4xx_hal_adc_ex.o
    0x08001ab4   0x08001ab4   0x0000005e   Code   RO          828    i.HAL_ADCEx_InjectedStop_IT  stm32f4xx_hal_adc_ex.o
    0x08001b12   0x08001b12   0x00000002   PAD
    0x08001b14   0x08001b14   0x0000014c   Code   RO          653    i.HAL_ADC_ConfigChannel  stm32f4xx_hal_adc.o
    0x08001c60   0x08001c60   0x00000002   Code   RO          654    i.HAL_ADC_ConvCpltCallback  stm32f4xx_hal_adc.o
    0x08001c62   0x08001c62   0x00000002   Code   RO          657    i.HAL_ADC_ErrorCallback  stm32f4xx_hal_adc.o
    0x08001c64   0x08001c64   0x00000006   Code   RO          660    i.HAL_ADC_GetValue  stm32f4xx_hal_adc.o
    0x08001c6a   0x08001c6a   0x0000012e   Code   RO          661    i.HAL_ADC_IRQHandler  stm32f4xx_hal_adc.o
    0x08001d98   0x08001d98   0x00000054   Code   RO          662    i.HAL_ADC_Init      stm32f4xx_hal_adc.o
    0x08001dec   0x08001dec   0x00000002   Code   RO          663    i.HAL_ADC_LevelOutOfWindowCallback  stm32f4xx_hal_adc.o
    0x08001dee   0x08001dee   0x00000002   PAD
    0x08001df0   0x08001df0   0x000000a8   Code   RO          285    i.HAL_ADC_MspInit   adc.o
    0x08001e98   0x08001e98   0x000000fc   Code   RO          668    i.HAL_ADC_Start     stm32f4xx_hal_adc.o
    0x08001f94   0x08001f94   0x00000092   Code   RO         1388    i.HAL_DMA_Abort     stm32f4xx_hal_dma.o
    0x08002026   0x08002026   0x00000024   Code   RO         1389    i.HAL_DMA_Abort_IT  stm32f4xx_hal_dma.o
    0x0800204a   0x0800204a   0x00000002   PAD
    0x0800204c   0x0800204c   0x000001a0   Code   RO         1393    i.HAL_DMA_IRQHandler  stm32f4xx_hal_dma.o
    0x080021ec   0x080021ec   0x000000d4   Code   RO         1394    i.HAL_DMA_Init      stm32f4xx_hal_dma.o
    0x080022c0   0x080022c0   0x0000006e   Code   RO         1398    i.HAL_DMA_Start_IT  stm32f4xx_hal_dma.o
    0x0800232e   0x0800232e   0x00000002   PAD
    0x08002330   0x08002330   0x000001f0   Code   RO         1281    i.HAL_GPIO_Init     stm32f4xx_hal_gpio.o
    0x08002520   0x08002520   0x0000000a   Code   RO         1283    i.HAL_GPIO_ReadPin  stm32f4xx_hal_gpio.o
    0x0800252a   0x0800252a   0x0000000a   Code   RO         1285    i.HAL_GPIO_WritePin  stm32f4xx_hal_gpio.o
    0x08002534   0x08002534   0x0000000c   Code   RO         1813    i.HAL_GetTick       stm32f4xx_hal.o
    0x08002540   0x08002540   0x00000010   Code   RO         1819    i.HAL_IncTick       stm32f4xx_hal.o
    0x08002550   0x08002550   0x00000034   Code   RO         1820    i.HAL_Init          stm32f4xx_hal.o
    0x08002584   0x08002584   0x00000040   Code   RO         1821    i.HAL_InitTick      stm32f4xx_hal.o
    0x080025c4   0x080025c4   0x00000030   Code   RO          624    i.HAL_MspInit       stm32f4xx_hal_msp.o
    0x080025f4   0x080025f4   0x0000001a   Code   RO         1670    i.HAL_NVIC_EnableIRQ  stm32f4xx_hal_cortex.o
    0x0800260e   0x0800260e   0x00000002   PAD
    0x08002610   0x08002610   0x00000040   Code   RO         1676    i.HAL_NVIC_SetPriority  stm32f4xx_hal_cortex.o
    0x08002650   0x08002650   0x00000024   Code   RO         1677    i.HAL_NVIC_SetPriorityGrouping  stm32f4xx_hal_cortex.o
    0x08002674   0x08002674   0x00000134   Code   RO          927    i.HAL_RCC_ClockConfig  stm32f4xx_hal_rcc.o
    0x080027a8   0x080027a8   0x00000020   Code   RO          934    i.HAL_RCC_GetPCLK1Freq  stm32f4xx_hal_rcc.o
    0x080027c8   0x080027c8   0x00000020   Code   RO          935    i.HAL_RCC_GetPCLK2Freq  stm32f4xx_hal_rcc.o
    0x080027e8   0x080027e8   0x00000064   Code   RO          936    i.HAL_RCC_GetSysClockFreq  stm32f4xx_hal_rcc.o
    0x0800284c   0x0800284c   0x0000036c   Code   RO          939    i.HAL_RCC_OscConfig  stm32f4xx_hal_rcc.o
    0x08002bb8   0x08002bb8   0x000000bc   Code   RO         2069    i.HAL_SPI_Init      stm32f4xx_hal_spi.o
    0x08002c74   0x08002c74   0x00000068   Code   RO          351    i.HAL_SPI_MspInit   spi.o
    0x08002cdc   0x08002cdc   0x00000166   Code   RO         2077    i.HAL_SPI_Transmit  stm32f4xx_hal_spi.o
    0x08002e42   0x08002e42   0x00000018   Code   RO         1679    i.HAL_SYSTICK_CLKSourceConfig  stm32f4xx_hal_cortex.o
    0x08002e5a   0x08002e5a   0x00000028   Code   RO         1681    i.HAL_SYSTICK_Config  stm32f4xx_hal_cortex.o
    0x08002e82   0x08002e82   0x00000002   Code   RO         3086    i.HAL_TIMEx_BreakCallback  stm32f4xx_hal_tim_ex.o
    0x08002e84   0x08002e84   0x00000002   Code   RO         3087    i.HAL_TIMEx_CommutCallback  stm32f4xx_hal_tim_ex.o
    0x08002e86   0x08002e86   0x00000054   Code   RO         3089    i.HAL_TIMEx_ConfigBreakDeadTime  stm32f4xx_hal_tim_ex.o
    0x08002eda   0x08002eda   0x00000002   PAD
    0x08002edc   0x08002edc   0x00000090   Code   RO         3105    i.HAL_TIMEx_MasterConfigSynchronization  stm32f4xx_hal_tim_ex.o
    0x08002f6c   0x08002f6c   0x000000c0   Code   RO         3116    i.HAL_TIMEx_PWMN_Start  stm32f4xx_hal_tim_ex.o
    0x0800302c   0x0800302c   0x0000005a   Code   RO         2382    i.HAL_TIM_Base_Init  stm32f4xx_hal_tim.o
    0x08003086   0x08003086   0x00000002   PAD
    0x08003088   0x08003088   0x00000060   Code   RO          393    i.HAL_TIM_Base_MspInit  tim.o
    0x080030e8   0x080030e8   0x00000080   Code   RO         2387    i.HAL_TIM_Base_Start_IT  stm32f4xx_hal_tim.o
    0x08003168   0x08003168   0x000000dc   Code   RO         2391    i.HAL_TIM_ConfigClockSource  stm32f4xx_hal_tim.o
    0x08003244   0x08003244   0x00000002   Code   RO         2416    i.HAL_TIM_IC_CaptureCallback  stm32f4xx_hal_tim.o
    0x08003246   0x08003246   0x00000166   Code   RO         2430    i.HAL_TIM_IRQHandler  stm32f4xx_hal_tim.o
    0x080033ac   0x080033ac   0x00000054   Code   RO          394    i.HAL_TIM_MspPostInit  tim.o
    0x08003400   0x08003400   0x00000002   Code   RO         2433    i.HAL_TIM_OC_DelayElapsedCallback  stm32f4xx_hal_tim.o
    0x08003402   0x08003402   0x000000cc   Code   RO         2454    i.HAL_TIM_PWM_ConfigChannel  stm32f4xx_hal_tim.o
    0x080034ce   0x080034ce   0x0000005a   Code   RO         2457    i.HAL_TIM_PWM_Init  stm32f4xx_hal_tim.o
    0x08003528   0x08003528   0x00000028   Code   RO          396    i.HAL_TIM_PWM_MspInit  tim.o
    0x08003550   0x08003550   0x00000002   Code   RO         2460    i.HAL_TIM_PWM_PulseFinishedCallback  stm32f4xx_hal_tim.o
    0x08003552   0x08003552   0x00000002   PAD
    0x08003554   0x08003554   0x000000c8   Code   RO         2462    i.HAL_TIM_PWM_Start  stm32f4xx_hal_tim.o
    0x0800361c   0x0800361c   0x0000007c   Code   RO           14    i.HAL_TIM_PeriodElapsedCallback  main.o
    0x08003698   0x08003698   0x00000002   Code   RO         2473    i.HAL_TIM_TriggerCallback  stm32f4xx_hal_tim.o
    0x0800369a   0x0800369a   0x00000002   Code   RO         3364    i.HAL_UARTEx_RxEventCallback  stm32f4xx_hal_uart.o
    0x0800369c   0x0800369c   0x00000070   Code   RO         3376    i.HAL_UART_DMAStop  stm32f4xx_hal_uart.o
    0x0800370c   0x0800370c   0x00000002   Code   RO         3378    i.HAL_UART_ErrorCallback  stm32f4xx_hal_uart.o
    0x0800370e   0x0800370e   0x00000002   PAD
    0x08003710   0x08003710   0x00000268   Code   RO         3381    i.HAL_UART_IRQHandler  stm32f4xx_hal_uart.o
    0x08003978   0x08003978   0x00000062   Code   RO         3382    i.HAL_UART_Init     stm32f4xx_hal_uart.o
    0x080039da   0x080039da   0x00000002   PAD
    0x080039dc   0x080039dc   0x000000e8   Code   RO          465    i.HAL_UART_MspInit  usart.o
    0x08003ac4   0x08003ac4   0x0000002a   Code   RO         3386    i.HAL_UART_Receive_DMA  stm32f4xx_hal_uart.o
    0x08003aee   0x08003aee   0x00000002   Code   RO         3388    i.HAL_UART_RxCpltCallback  stm32f4xx_hal_uart.o
    0x08003af0   0x08003af0   0x00000002   Code   RO         3389    i.HAL_UART_RxHalfCpltCallback  stm32f4xx_hal_uart.o
    0x08003af2   0x08003af2   0x00000002   Code   RO         3393    i.HAL_UART_TxCpltCallback  stm32f4xx_hal_uart.o
    0x08003af4   0x08003af4   0x00000002   Code   RO          512    i.HardFault_Handler  stm32f4xx_it.o
    0x08003af6   0x08003af6   0x00000002   PAD
    0x08003af8   0x08003af8   0x00000050   Code   RO         3754    i.IIC_Ack           as5600.o
    0x08003b48   0x08003b48   0x00000050   Code   RO         3755    i.IIC_NAck          as5600.o
    0x08003b98   0x08003b98   0x00000068   Code   RO         3756    i.IIC_Read_Byte     as5600.o
    0x08003c00   0x08003c00   0x0000006c   Code   RO         3757    i.IIC_Send_Byte     as5600.o
    0x08003c6c   0x08003c6c   0x00000050   Code   RO         3758    i.IIC_Start         as5600.o
    0x08003cbc   0x08003cbc   0x00000050   Code   RO         3759    i.IIC_Stop          as5600.o
    0x08003d0c   0x08003d0c   0x00000064   Code   RO         3760    i.IIC_Wait_Ack      as5600.o
    0x08003d70   0x08003d70   0x0000000e   Code   RO         4419    i.InlineCurrentSense_Init  inlinecurrentsense.o
    0x08003d7e   0x08003d7e   0x0000003e   Code   RO         4022    i.LCD_Address_Set   lcd_init.o
    0x08003dbc   0x08003dbc   0x00000016   Code   RO         3899    i.LCD_DrawPoint     lcd.o
    0x08003dd2   0x08003dd2   0x00000002   PAD
    0x08003dd4   0x08003dd4   0x00000060   Code   RO         3901    i.LCD_Fill          lcd.o
    0x08003e34   0x08003e34   0x00000194   Code   RO         4023    i.LCD_Init          lcd_init.o
    0x08003fc8   0x08003fc8   0x0000010c   Code   RO         3902    i.LCD_ShowChar      lcd.o
    0x080040d4   0x080040d4   0x00000098   Code   RO         3908    i.LCD_ShowFloatNum1  lcd.o
    0x0800416c   0x0800416c   0x0000003a   Code   RO         3911    i.LCD_ShowString    lcd.o
    0x080041a6   0x080041a6   0x00000014   Code   RO         4024    i.LCD_WR_DATA       lcd_init.o
    0x080041ba   0x080041ba   0x00000002   PAD
    0x080041bc   0x080041bc   0x0000002c   Code   RO         4026    i.LCD_WR_REG        lcd_init.o
    0x080041e8   0x080041e8   0x0000003c   Code   RO         4027    i.LCD_Writ_Bus      lcd_init.o
    0x08004224   0x08004224   0x0000007c   Code   RO         4465    i.LPF_Operator      low_pass_filtering.o
    0x080042a0   0x080042a0   0x00000044   Code   RO         4466    i.LPF_init          low_pass_filtering.o
    0x080042e4   0x080042e4   0x000000a0   Code   RO         4337    i.LoopFOC           foc_motor.o
    0x08004384   0x08004384   0x000000c0   Code   RO          286    i.MX_ADC1_Init      adc.o
    0x08004444   0x08004444   0x0000004c   Code   RO          326    i.MX_DMA_Init       dma.o
    0x08004490   0x08004490   0x000000c8   Code   RO          260    i.MX_GPIO_Init      gpio.o
    0x08004558   0x08004558   0x00000048   Code   RO          352    i.MX_SPI1_Init      spi.o
    0x080045a0   0x080045a0   0x000000e0   Code   RO          397    i.MX_TIM1_Init      tim.o
    0x08004680   0x08004680   0x00000064   Code   RO          398    i.MX_TIM2_Init      tim.o
    0x080046e4   0x080046e4   0x00000068   Code   RO          399    i.MX_TIM3_Init      tim.o
    0x0800474c   0x0800474c   0x00000038   Code   RO          466    i.MX_USART1_UART_Init  usart.o
    0x08004784   0x08004784   0x00000002   Code   RO          513    i.MemManage_Handler  stm32f4xx_it.o
    0x08004786   0x08004786   0x00000002   PAD
    0x08004788   0x08004788   0x00000054   Code   RO         4338    i.Motor_FOC_Init    foc_motor.o
    0x080047dc   0x080047dc   0x00000098   Code   RO         4339    i.Motor_Init        foc_motor.o
    0x08004874   0x08004874   0x00000098   Code   RO         4340    i.Move              foc_motor.o
    0x0800490c   0x0800490c   0x00000002   Code   RO          514    i.NMI_Handler       stm32f4xx_it.o
    0x0800490e   0x0800490e   0x00000002   PAD
    0x08004910   0x08004910   0x000000f0   Code   RO         4501    i.PID_Operator      pid_motor.o
    0x08004a00   0x08004a00   0x00000098   Code   RO         4502    i.PID_init          pid_motor.o
    0x08004a98   0x08004a98   0x00000002   Code   RO          515    i.PendSV_Handler    stm32f4xx_it.o
    0x08004a9a   0x08004a9a   0x00000002   PAD
    0x08004a9c   0x08004a9c   0x00000094   Code   RO         4420    i.Read_InlineCurrentSense  inlinecurrentsense.o
    0x08004b30   0x08004b30   0x00000058   Code   RO         2107    i.SPI_EndRxTxTransaction  stm32f4xx_hal_spi.o
    0x08004b88   0x08004b88   0x000000b8   Code   RO         2112    i.SPI_WaitFlagStateUntilTimeout  stm32f4xx_hal_spi.o
    0x08004c40   0x08004c40   0x00000002   Code   RO          516    i.SVC_Handler       stm32f4xx_it.o
    0x08004c42   0x08004c42   0x00000004   Code   RO          517    i.SysTick_Handler   stm32f4xx_it.o
    0x08004c46   0x08004c46   0x00000002   PAD
    0x08004c48   0x08004c48   0x00000094   Code   RO           15    i.SystemClock_Config  main.o
    0x08004cdc   0x08004cdc   0x00000010   Code   RO         3711    i.SystemInit        system_stm32f4xx.o
    0x08004cec   0x08004cec   0x0000000c   Code   RO          518    i.TIM2_IRQHandler   stm32f4xx_it.o
    0x08004cf8   0x08004cf8   0x0000000c   Code   RO          519    i.TIM3_IRQHandler   stm32f4xx_it.o
    0x08004d04   0x08004d04   0x000000c8   Code   RO         2475    i.TIM_Base_SetConfig  stm32f4xx_hal_tim.o
    0x08004dcc   0x08004dcc   0x0000001a   Code   RO         2476    i.TIM_CCxChannelCmd  stm32f4xx_hal_tim.o
    0x08004de6   0x08004de6   0x0000001a   Code   RO         3125    i.TIM_CCxNChannelCmd  stm32f4xx_hal_tim_ex.o
    0x08004e00   0x08004e00   0x00000014   Code   RO         2486    i.TIM_ETR_SetConfig  stm32f4xx_hal_tim.o
    0x08004e14   0x08004e14   0x00000010   Code   RO         2487    i.TIM_ITRx_SetConfig  stm32f4xx_hal_tim.o
    0x08004e24   0x08004e24   0x00000060   Code   RO         2488    i.TIM_OC1_SetConfig  stm32f4xx_hal_tim.o
    0x08004e84   0x08004e84   0x0000006c   Code   RO         2489    i.TIM_OC2_SetConfig  stm32f4xx_hal_tim.o
    0x08004ef0   0x08004ef0   0x00000068   Code   RO         2490    i.TIM_OC3_SetConfig  stm32f4xx_hal_tim.o
    0x08004f58   0x08004f58   0x00000050   Code   RO         2491    i.TIM_OC4_SetConfig  stm32f4xx_hal_tim.o
    0x08004fa8   0x08004fa8   0x00000022   Code   RO         2493    i.TIM_TI1_ConfigInputStage  stm32f4xx_hal_tim.o
    0x08004fca   0x08004fca   0x00000024   Code   RO         2495    i.TIM_TI2_ConfigInputStage  stm32f4xx_hal_tim.o
    0x08004fee   0x08004fee   0x00000010   Code   RO         3395    i.UART_DMAAbortOnError  stm32f4xx_hal_uart.o
    0x08004ffe   0x08004ffe   0x0000004a   Code   RO         3396    i.UART_DMAError     stm32f4xx_hal_uart.o
    0x08005048   0x08005048   0x00000082   Code   RO         3397    i.UART_DMAReceiveCplt  stm32f4xx_hal_uart.o
    0x080050ca   0x080050ca   0x0000001a   Code   RO         3399    i.UART_DMARxHalfCplt  stm32f4xx_hal_uart.o
    0x080050e4   0x080050e4   0x0000004e   Code   RO         3405    i.UART_EndRxTransfer  stm32f4xx_hal_uart.o
    0x08005132   0x08005132   0x0000001c   Code   RO         3406    i.UART_EndTxTransfer  stm32f4xx_hal_uart.o
    0x0800514e   0x0800514e   0x000000c0   Code   RO         3407    i.UART_Receive_IT   stm32f4xx_hal_uart.o
    0x0800520e   0x0800520e   0x00000002   PAD
    0x08005210   0x08005210   0x0000010c   Code   RO         3408    i.UART_SetConfig    stm32f4xx_hal_uart.o
    0x0800531c   0x0800531c   0x00000094   Code   RO         3409    i.UART_Start_Receive_DMA  stm32f4xx_hal_uart.o
    0x080053b0   0x080053b0   0x00000014   Code   RO          520    i.USART1_IRQHandler  stm32f4xx_it.o
    0x080053c4   0x080053c4   0x00000002   Code   RO          521    i.UsageFault_Handler  stm32f4xx_it.o
    0x080053c6   0x080053c6   0x00000002   PAD
    0x080053c8   0x080053c8   0x0000035c   Code   RO         4083    i.Usart1_Handle     usrt.o
    0x08005724   0x08005724   0x0000003c   Code   RO         4084    i.Usart1_IDLE       usrt.o
    0x08005760   0x08005760   0x000000a4   Code   RO         4341    i.Velocity_Openloop  foc_motor.o
    0x08005804   0x08005804   0x00000020   Code   RO         4963    i.__0printf         mc_w.l(printfa.o)
    0x08005824   0x08005824   0x00000030   Code   RO         5083    i.__ARM_fpclassify  m_wm.l(fpclassify.o)
    0x08005854   0x08005854   0x00000020   Code   RO         1683    i.__NVIC_SetPriority  stm32f4xx_hal_cortex.o
    0x08005874   0x08005874   0x00000004   PAD
    0x08005878   0x08005878   0x000002d8   Code   RO         5001    i.__hardfp_atan     m_wm.l(atan.o)
    0x08005b50   0x08005b50   0x000001f0   Code   RO         4693    i.__hardfp_atan2    m_wm.l(atan2.o)
    0x08005d40   0x08005d40   0x00000038   Code   RO         4705    i.__hardfp_atof     m_wm.l(atof.o)
    0x08005d78   0x08005d78   0x00000104   Code   RO         4711    i.__hardfp_fmod     m_wm.l(fmod.o)
    0x08005e7c   0x08005e7c   0x000000f8   Code   RO         5085    i.__kernel_poly     m_wm.l(poly.o)
    0x08005f74   0x08005f74   0x00000014   Code   RO         5016    i.__mathlib_dbl_infnan  m_wm.l(dunder.o)
    0x08005f88   0x08005f88   0x00000014   Code   RO         5017    i.__mathlib_dbl_infnan2  m_wm.l(dunder.o)
    0x08005f9c   0x08005f9c   0x00000004   PAD
    0x08005fa0   0x08005fa0   0x00000020   Code   RO         5018    i.__mathlib_dbl_invalid  m_wm.l(dunder.o)
    0x08005fc0   0x08005fc0   0x00000020   Code   RO         5021    i.__mathlib_dbl_underflow  m_wm.l(dunder.o)
    0x08005fe0   0x08005fe0   0x0000000c   Code   RO         5060    i.__read_errno      mc_w.l(errno.o)
    0x08005fec   0x08005fec   0x0000000e   Code   RO         5104    i.__scatterload_copy  mc_w.l(handlers.o)
    0x08005ffa   0x08005ffa   0x00000002   Code   RO         5105    i.__scatterload_null  mc_w.l(handlers.o)
    0x08005ffc   0x08005ffc   0x0000000e   Code   RO         5106    i.__scatterload_zeroinit  mc_w.l(handlers.o)
    0x0800600a   0x0800600a   0x00000002   PAD
    0x0800600c   0x0800600c   0x0000000c   Code   RO         5061    i.__set_errno       mc_w.l(errno.o)
    0x08006018   0x08006018   0x0000000e   Code   RO         4276    i._electricalAngle  foc_define.o
    0x08006026   0x08006026   0x00000002   PAD
    0x08006028   0x08006028   0x00000184   Code   RO         4970    i._fp_digits        mc_w.l(printfa.o)
    0x080061ac   0x080061ac   0x0000000e   Code   RO         5093    i._is_digit         mc_w.l(scanf_fp.o)
    0x080061ba   0x080061ba   0x00000002   PAD
    0x080061bc   0x080061bc   0x00000044   Code   RO         4277    i._normalizeAngle   foc_define.o
    0x08006200   0x08006200   0x000006dc   Code   RO         4971    i._printf_core      mc_w.l(printfa.o)
    0x080068dc   0x080068dc   0x00000024   Code   RO         4972    i._printf_post_padding  mc_w.l(printfa.o)
    0x08006900   0x08006900   0x0000002e   Code   RO         4973    i._printf_pre_padding  mc_w.l(printfa.o)
    0x0800692e   0x0800692e   0x00000002   PAD
    0x08006930   0x08006930   0x00000018   Code   RO         4279    i._sqrtApprox       foc_define.o
    0x08006948   0x08006948   0x00000010   Code   RO         5003    i.atan              m_wm.l(atan.o)
    0x08006958   0x08006958   0x00000024   Code   RO         3850    i.delay_init        delay_jr.o
    0x0800697c   0x0800697c   0x0000001a   Code   RO         3851    i.delay_ms          delay_jr.o
    0x08006996   0x08006996   0x00000002   PAD
    0x08006998   0x08006998   0x00000034   Code   RO         3852    i.delay_us          delay_jr.o
    0x080069cc   0x080069cc   0x00000028   Code   RO         4342    i.electricalAngle   foc_motor.o
    0x080069f4   0x080069f4   0x00000018   Code   RO         5031    i.fabs              m_wm.l(fabs.o)
    0x08006a0c   0x08006a0c   0x00000010   Code   RO         4086    i.fputc             usrt.o
    0x08006a1c   0x08006a1c   0x0000008c   Code   RO         4248    i.getFOCCurrents    currentsense.o
    0x08006aa8   0x08006aa8   0x00000078   Code   RO         4421    i.getPhaseCurrents  inlinecurrentsense.o
    0x08006b20   0x08006b20   0x00000194   Code   RO           16    i.main              main.o
    0x08006cb4   0x08006cb4   0x00000010   Code   RO         3912    i.mypow             lcd.o
    0x08006cc4   0x08006cc4   0x0000023c   Code   RO         4343    i.setPhaseVoltage   foc_motor.o
    0x08006f00   0x08006f00   0x0000001c   Code   RO         4344    i.shaftAngle        foc_motor.o
    0x08006f1c   0x08006f1c   0x00000024   Code   RO         4345    i.shaftVelocity     foc_motor.o
    0x08006f40   0x08006f40   0x00000008   Data   RO         1400    .constdata          stm32f4xx_hal_dma.o
    0x08006f48   0x08006f48   0x00000010   Data   RO         3712    .constdata          system_stm32f4xx.o
    0x08006f58   0x08006f58   0x00000008   Data   RO         3713    .constdata          system_stm32f4xx.o
    0x08006f60   0x08006f60   0x0000391c   Data   RO         3913    .constdata          lcd.o
    0x0800a87c   0x0800a87c   0x00000804   Data   RO         4670    .constdata          arm_cortexM4lf_math.lib(arm_common_tables.o)
    0x0800b080   0x0800b080   0x00000098   Data   RO         5004    .constdata          m_wm.l(atan.o)
    0x0800b118   0x0800b118   0x00000008   Data   RO         5035    .constdata          m_wm.l(qnan.o)
    0x0800b120   0x0800b120   0x00000040   Data   RO         5098    .constdata          mc_w.l(ctype_c.o)
    0x0800b160   0x0800b160   0x00000020   Data   RO         5102    Region$$Table       anon$$obj.o


    Execution Region RW_IRAM1 (Exec base: 0x20000000, Load base: 0x0800b180, Size: 0x00001028, Max: 0x0001c000, ABSOLUTE)

    Exec Addr    Load Addr    Size         Type   Attr      Idx    E Section Name        Object

    0x20000000   0x0800b180   0x00000008   Data   RW           19    .data               main.o
    0x20000008   0x0800b188   0x00000001   Data   RW           20    .data               main.o
    0x20000009   0x0800b189   0x00000003   PAD
    0x2000000c   0x0800b18c   0x0000000c   Data   RW         1827    .data               stm32f4xx_hal.o
    0x20000018   0x0800b198   0x00000004   Data   RW         3714    .data               system_stm32f4xx.o
    0x2000001c   0x0800b19c   0x00000010   Data   RW         3761    .data               as5600.o
    0x2000002c   0x0800b1ac   0x00000004   Data   RW         3854    .data               delay_jr.o
    0x20000030   0x0800b1b0   0x00000010   Data   RW         4088    .data               usrt.o
    0x20000040   0x0800b1c0   0x00000038   Data   RW         4346    .data               foc_motor.o
    0x20000078   0x0800b1f8   0x00000018   Data   RW         4423    .data               inlinecurrentsense.o
    0x20000090   0x0800b210   0x00000004   Data   RW         5050    .data               mc_w.l(stdout.o)
    0x20000094   0x0800b214   0x00000004   Data   RW         5062    .data               mc_w.l(errno.o)
    0x20000098        -       0x000000a8   Zero   RW          287    .bss                adc.o
    0x20000140        -       0x00000058   Zero   RW          353    .bss                spi.o
    0x20000198        -       0x000000d8   Zero   RW          400    .bss                tim.o
    0x20000270        -       0x00000104   Zero   RW          467    .bss                usart.o
    0x20000374        -       0x000007d0   Zero   RW         4087    .bss                usrt.o
    0x20000b44        -       0x0000000c   Zero   RW         4179    .bss                inline_adc.o
    0x20000b50        -       0x00000018   Zero   RW         4219    .bss                base_motor_control.o
    0x20000b68        -       0x0000000c   Zero   RW         4422    .bss                inlinecurrentsense.o
    0x20000b74        -       0x00000024   Zero   RW         4467    .bss                low_pass_filtering.o
    0x20000b98        -       0x00000090   Zero   RW         4503    .bss                pid_motor.o
    0x20000c28        -       0x00000400   Zero   RW            1    STACK               startup_stm32f407xx.o


    Execution Region RW_IRAM2 (Exec base: 0x2001c000, Load base: 0x0800b218, Size: 0x00000000, Max: 0x00004000, ABSOLUTE)

    **** No section assigned to this execution region ****


==============================================================================

Image component sizes


      Code (inc. data)   RO Data    RW Data    ZI Data      Debug   Object Name

       360         34          0          0        168       1895   adc.o
      1020         76          0         16          0       8270   as5600.o
        56          8          0          0         24       1439   base_motor_control.o
       140         12          0          0          0       1029   currentsense.o
       114         12          0          4          0       1991   delay_jr.o
        76          4          0          0          0        786   dma.o
       106         18          0          0          0       1823   foc_define.o
      2272        588          0         56          0       9737   foc_motor.o
       200         12          0          0          0       1011   gpio.o
       344        164          0          0          0        594   gui.o
       116         28          0          0         12       2514   inline_adc.o
       550        130          0         24         12       3400   inlinecurrentsense.o
       612         28      14620          0          0       7575   lcd.o
       590         22          0          0          0       6016   lcd_init.o
       192         28          0          0         36       2557   low_pass_filtering.o
       680        114          0          9          0     724706   main.o
       392         20          0          0        144       2823   pid_motor.o
       176         20          0          0         88       1673   spi.o
        36          8        392          0       1024        832   startup_stm32f407xx.o
       144         24          0         12          0       8753   stm32f4xx_hal.o
      1278         52          0          0          0       6945   stm32f4xx_hal_adc.o
       766         32          0          0          0       3211   stm32f4xx_hal_adc_ex.o
       222         14          0          0          0      34573   stm32f4xx_hal_cortex.o
      1084         16          8          0          0       7322   stm32f4xx_hal_dma.o
       516         46          0          0          0       2835   stm32f4xx_hal_gpio.o
        48          6          0          0          0        850   stm32f4xx_hal_msp.o
      1348         76          0          0          0       5216   stm32f4xx_hal_rcc.o
       818         12          0          0          0       4598   stm32f4xx_hal_spi.o
      2018        136          0          0          0      16300   stm32f4xx_hal_tim.o
       450         56          0          0          0       4716   stm32f4xx_hal_tim_ex.o
      1838         30          0          0          0      13781   stm32f4xx_hal_uart.o
       112         40          0          0          0       7469   stm32f4xx_it.o
        16          4         24          4          0       1115   system_stm32f4xx.o
       648         56          0          0        216       4384   tim.o
       288         30          0          0        260       1892   usart.o
       936        260          0         16       2000       3247   usrt.o

    ----------------------------------------------------------------------
     20612       2216      15076        144       3984     907878   Object Totals
         0          0         32          0          0          0   (incl. Generated)
        50          0          0          3          0          0   (incl. Padding)

    ----------------------------------------------------------------------

      Code (inc. data)   RO Data    RW Data    ZI Data      Debug   Library Member Name

         0          0       2052          0          0       4636   arm_common_tables.o
       120         12          0          0          0      16970   arm_cos_f32.o
       116         12          0          0          0        658   arm_sin_f32.o
       744        106        152          0          0        352   atan.o
       496         64          0          0          0        192   atan2.o
        56         12          0          0          0        132   atof.o
       104         16          0          0          0        496   dunder.o
        24          0          0          0          0        124   fabs.o
       260          6          0          0          0        144   fmod.o
        48          0          0          0          0        124   fpclassify.o
       248          0          0          0          0        152   poly.o
         0          0          8          0          0          0   qnan.o
        64          0          0          0          0         84   _sgetc.o
        40          6         64          0          0         68   ctype_c.o
         0          0          0          0          0          0   entry.o
         0          0          0          0          0          0   entry10a.o
         0          0          0          0          0          0   entry11a.o
         8          4          0          0          0          0   entry2.o
         4          0          0          0          0          0   entry5.o
         0          0          0          0          0          0   entry7b.o
         0          0          0          0          0          0   entry8b.o
         8          4          0          0          0          0   entry9a.o
        24         12          0          4          0        136   errno.o
        30          0          0          0          0          0   handlers.o
        36          8          0          0          0         68   init.o
        10          0          0          0          0         68   isspace_c.o
         0          0          0          0          0          0   iusefp.o
        30          0          0          0          0         68   llshl.o
        36          0          0          0          0         68   llsshr.o
        32          0          0          0          0         68   llushr.o
        36          0          0          0          0        108   memseta.o
      2258         90          0          0          0        452   printfa.o
       878         12          0          0          0        216   scanf_fp.o
         0          0          0          4          0          0   stdout.o
       156         12          0          0          0        120   strtod.o
        44          0          0          0          0         80   uidiv.o
        98          0          0          0          0         92   uldiv.o
        48          0          0          0          0         68   cdrcmple.o
        56          0          0          0          0         88   d2f.o
       334          0          0          0          0        148   dadd.o
       222          0          0          0          0        100   ddiv.o
       186          0          0          0          0        176   depilogue.o
        48          0          0          0          0         68   dfixul.o
        26          0          0          0          0         76   dfltui.o
        24          0          0          0          0         76   dfltul.o
       228          0          0          0          0         96   dmul.o
       134          0          0          0          0         96   drem.o
        38          0          0          0          0         68   f2d.o
       110          0          0          0          0        168   fepilogue.o

    ----------------------------------------------------------------------
      7476        376       2276          8          0      26904   Library Totals
        14          0          0          0          0          0   (incl. Padding)

    ----------------------------------------------------------------------

      Code (inc. data)   RO Data    RW Data    ZI Data      Debug   Library Name

       236         24       2052          0          0      22264   arm_cortexM4lf_math.lib
      1980        204        160          0          0       1716   m_wm.l
      3792        148         64          8          0       1696   mc_w.l
      1454          0          0          0          0       1228   mf_w.l

    ----------------------------------------------------------------------
      7476        376       2276          8          0      26904   Library Totals

    ----------------------------------------------------------------------

==============================================================================


      Code (inc. data)   RO Data    RW Data    ZI Data      Debug   

     28088       2592      17352        152       3984     915530   Grand Totals
     28088       2592      17352        152       3984     915530   ELF Image Totals
     28088       2592      17352        152          0          0   ROM Totals

==============================================================================

    Total RO  Size (Code + RO Data)                45440 (  44.38kB)
    Total RW  Size (RW Data + ZI Data)              4136 (   4.04kB)
    Total ROM Size (Code + RO Data + RW Data)      45592 (  44.52kB)

==============================================================================

